Archive member included to satisfy reference by file (symbol)

/home/arduino/ArduinoApps/study-assistant/.cache/sketch/core/core.a(WInterrupts.cpp.o)
                              /home/arduino/ArduinoApps/study-assistant/.cache/sketch/libraries/Arduino_LTR381RGB/LTR381RGB.cpp.o (attachInterrupt)
/home/arduino/ArduinoApps/study-assistant/.cache/sketch/core/core.a(Common.cpp.o)
                              /home/arduino/ArduinoApps/study-assistant/.cache/sketch/sketch/sketch.ino.cpp.o (map(long, long, long, long, long))
/home/arduino/ArduinoApps/study-assistant/.cache/sketch/core/core.a(Print.cpp.o)
                              /home/arduino/ArduinoApps/study-assistant/.cache/sketch/sketch/sketch.ino.cpp.o (arduino::Print::write(unsigned char const*, unsigned int))
/home/arduino/ArduinoApps/study-assistant/.cache/sketch/core/core.a(Stream.cpp.o)
                              /home/arduino/ArduinoApps/study-assistant/.cache/sketch/sketch/sketch.ino.cpp.o (arduino::Stream::setTimeout(unsigned long))
/home/arduino/ArduinoApps/study-assistant/.cache/sketch/core/core.a(String.cpp.o)
                              /home/arduino/ArduinoApps/study-assistant/.cache/sketch/sketch/sketch.ino.cpp.o (arduino::String::String(arduino::String&&))
/home/arduino/ArduinoApps/study-assistant/.cache/sketch/core/core.a(itoa.cpp.o)
                              /home/arduino/ArduinoApps/study-assistant/.cache/sketch/core/core.a(String.cpp.o) (dtostrf)
/home/arduino/ArduinoApps/study-assistant/.cache/sketch/core/core.a(llext_wrappers.c.o)
                              /home/arduino/ArduinoApps/study-assistant/.cache/sketch/sketch/sketch.ino.cpp.o (memcpy)
/home/arduino/ArduinoApps/study-assistant/.cache/sketch/core/core.a(main.cpp.o)
                              (main)
/home/arduino/ArduinoApps/study-assistant/.cache/sketch/core/core.a(new.cpp.o)
                              /home/arduino/ArduinoApps/study-assistant/.cache/sketch/sketch/sketch.ino.cpp.o (operator new(unsigned int))
/home/arduino/ArduinoApps/study-assistant/.cache/sketch/core/core.a(threads.cpp.o)
                              /home/arduino/ArduinoApps/study-assistant/.cache/sketch/core/core.a(main.cpp.o) (start_static_threads())
/home/arduino/ArduinoApps/study-assistant/.cache/sketch/core/core.a(wiring_digital.cpp.o)
                              /home/arduino/ArduinoApps/study-assistant/.cache/sketch/sketch/sketch.ino.cpp.o (pinMode)
/home/arduino/ArduinoApps/study-assistant/.cache/sketch/core/core.a(zephyrCommon.cpp.o)
                              /home/arduino/ArduinoApps/study-assistant/.cache/sketch/libraries/Arduino_LPS22HB/BARO.cpp.o (yield)
/home/arduino/ArduinoApps/study-assistant/.cache/sketch/core/core.a(zephyrPinctrl.cpp.o)
                              /home/arduino/ArduinoApps/study-assistant/.cache/sketch/libraries/Wire/Wire.cpp.o (zephyr::arduino::init_dev_apply_pinctrl(device const*))
/home/arduino/ArduinoApps/study-assistant/.cache/sketch/core/core.a(zephyrSerial.cpp.o)
                              /home/arduino/ArduinoApps/study-assistant/.cache/sketch/libraries/Arduino_RouterBridge/singletons.cpp.o (Serial2)
/home/arduino/.arduino15/packages/zephyr/tools/arm-zephyr-eabi/0.16.8/bin/../lib/gcc/arm-zephyr-eabi/12.2.0/../../../../arm-zephyr-eabi/lib/thumb/v8-m.main+fp/hard/libstdc++_nano.a(functexcept.o)
                              /home/arduino/ArduinoApps/study-assistant/.cache/sketch/sketch/sketch.ino.cpp.o (std::__throw_bad_alloc())
/home/arduino/.arduino15/packages/zephyr/tools/arm-zephyr-eabi/0.16.8/bin/../lib/gcc/arm-zephyr-eabi/12.2.0/../../../../arm-zephyr-eabi/lib/thumb/v8-m.main+fp/hard/libstdc++_nano.a(functional.o)
                              /home/arduino/ArduinoApps/study-assistant/.cache/sketch/sketch/sketch.ino.cpp.o (std::__throw_bad_function_call())
/home/arduino/.arduino15/packages/zephyr/tools/arm-zephyr-eabi/0.16.8/bin/../lib/gcc/arm-zephyr-eabi/12.2.0/../../../../arm-zephyr-eabi/lib/thumb/v8-m.main+fp/hard/libstdc++_nano.a(eh_exception.o)
                              /home/arduino/.arduino15/packages/zephyr/tools/arm-zephyr-eabi/0.16.8/bin/../lib/gcc/arm-zephyr-eabi/12.2.0/../../../../arm-zephyr-eabi/lib/thumb/v8-m.main+fp/hard/libstdc++_nano.a(functional.o) (std::exception::~exception())
/home/arduino/.arduino15/packages/zephyr/tools/arm-zephyr-eabi/0.16.8/bin/../lib/gcc/arm-zephyr-eabi/12.2.0/../../../../arm-zephyr-eabi/lib/thumb/v8-m.main+fp/hard/libstdc++_nano.a(si_class_type_info.o)
                              /home/arduino/.arduino15/packages/zephyr/tools/arm-zephyr-eabi/0.16.8/bin/../lib/gcc/arm-zephyr-eabi/12.2.0/../../../../arm-zephyr-eabi/lib/thumb/v8-m.main+fp/hard/libstdc++_nano.a(functional.o) (vtable for __cxxabiv1::__si_class_type_info)
/home/arduino/.arduino15/packages/zephyr/tools/arm-zephyr-eabi/0.16.8/bin/../lib/gcc/arm-zephyr-eabi/12.2.0/../../../../arm-zephyr-eabi/lib/thumb/v8-m.main+fp/hard/libstdc++_nano.a(tinfo.o)
[...]
Memory Configuration

Name             Origin             Length             Attributes
*default*        0x0000000000000000 0xffffffffffffffff

Linker script and memory map

LOAD /home/arduino/.arduino15/packages/zephyr/tools/arm-zephyr-eabi/0.16.8/bin/../lib/gcc/arm-zephyr-eabi/12.2.0/../../../../arm-zephyr-eabi/lib/thumb/v8-m.main+fp/hard/libstdc++_nano.a
LOAD /home/arduino/.arduino15/packages/zephyr/tools/arm-zephyr-eabi/0.16.8/bin/../lib/gcc/arm-zephyr-eabi/12.2.0/../../../../arm-zephyr-eabi/lib/thumb/v8-m.main+fp/hard/libsupc++_nano.a
LOAD /home/arduino/.arduino15/packages/zephyr/tools/arm-zephyr-eabi/0.16.8/bin/../lib/gcc/arm-zephyr-eabi/12.2.0/../../../../arm-zephyr-eabi/lib/thumb/v8-m.main+fp/hard/libnosys.a
LOAD /home/arduino/ArduinoApps/study-assistant/.cache/sketch/sketch/sketch.ino.cpp.o
LOAD /home/arduino/ArduinoApps/study-assistant/.cache/sketch/libraries/Wire/Wire.cpp.o
LOAD /home/arduino/ArduinoApps/study-assistant/.cache/sketch/libraries/SPI/SPI.cpp.o
LOAD /home/arduino/ArduinoApps/study-assistant/.cache/sketch/libraries/Arduino_RouterBridge/singletons.cpp.o
LOAD /home/arduino/ArduinoApps/study-assistant/.cache/sketch/libraries/ArduinoGraphics/ArduinoGraphics.cpp.o
LOAD /home/arduino/ArduinoApps/study-assistant/.cache/sketch/libraries/ArduinoGraphics/Font_4x6.c.o
LOAD /home/arduino/ArduinoApps/study-assistant/.cache/sketch/libraries/ArduinoGraphics/Font_5x7.c.o
LOAD /home/arduino/ArduinoApps/study-assistant/.cache/sketch/libraries/ArduinoGraphics/Image.cpp.o
LOAD /home/arduino/ArduinoApps/study-assistant/.cache/sketch/libraries/Arduino_Modulino/Modulino.cpp.o
LOAD /home/arduino/ArduinoApps/study-assistant/.cache/sketch/libraries/STM32duino VL53L4CD/platform.cpp.o
LOAD /home/arduino/ArduinoApps/study-assistant/.cache/sketch/libraries/STM32duino VL53L4CD/vl53l4cd_api.cpp.o
LOAD /home/arduino/ArduinoApps/study-assistant/.cache/sketch/libraries/STM32duino VL53L4CD/vl53l4cd_calibration.cpp.o
LOAD /home/arduino/ArduinoApps/study-assistant/.cache/sketch/libraries/STM32duino VL53L4ED/platform.cpp.o
LOAD /home/arduino/ArduinoApps/study-assistant/.cache/sketch/libraries/STM32duino VL53L4ED/vl53l4ed_api.cpp.o
LOAD /home/arduino/ArduinoApps/study-assistant/.cache/sketch/libraries/STM32duino VL53L4ED/vl53l4ed_calibration.cpp.o
LOAD /home/arduino/ArduinoApps/study-assistant/.cache/sketch/libraries/Arduino_LSM6DSOX/LSM6DSOX.cpp.o
LOAD /home/arduino/ArduinoApps/study-assistant/.cache/sketch/libraries/Arduino_LPS22HB/BARO.cpp.o
LOAD /home/arduino/ArduinoApps/study-assistant/.cache/sketch/libraries/Arduino_HS300x/HS300x.cpp.o
LOAD /home/arduino/ArduinoApps/study-assistant/.cache/sketch/libraries/Arduino_LTR381RGB/LTR381RGB.cpp.o
LOAD /home/arduino/ArduinoApps/study-assistant/.cache/sketch/core/analogReference.cpp.o
START GROUP
LOAD /home/arduino/ArduinoApps/study-assistant/.cache/sketch/core/core.a
LOAD /home/arduino/.arduino15/packages/zephyr/tools/arm-zephyr-eabi/0.16.8/bin/../lib/gcc/arm-zephyr-eabi/12.2.0/../../../../arm-zephyr-eabi/lib/thumb/v8-m.main+fp/hard/libstdc++_nano.a
LOAD /home/arduino/.arduino15/packages/zephyr/tools/arm-zephyr-eabi/0.16.8/bin/../lib/gcc/arm-zephyr-eabi/12.2.0/../../../../arm-zephyr-eabi/lib/thumb/v8-m.main+fp/hard/libsupc++_nano.a
LOAD /home/arduino/.arduino15/packages/zephyr/tools/arm-zephyr-eabi/0.16.8/bin/../lib/gcc/arm-zephyr-eabi/12.2.0/../../../../arm-zephyr-eabi/lib/thumb/v8-m.main+fp/hard/libm_nano.a
END GROUP

.rodata         0x0000000000000000      0x6ac
 *(.rodata._ZN6zephyr7arduinoL11pinctrl_mapE)
 .rodata._ZN6zephyr7arduinoL11pinctrl_mapE
                0x0000000000000000       0x80 /home/arduino/ArduinoApps/study-assistant/.cache/sketch/core/core.a(zephyrPinctrl.cpp.o)
 *(.rodata._ZN6zephyr7arduinoL12arduino_pinsE)
 .rodata._ZN6zephyr7arduinoL12arduino_pinsE
                0x0000000000000080      0x230 /home/arduino/ArduinoApps/study-assistant/.cache/sketch/core/core.a(wiring_digital.cpp.o)
 *(.rodata._ZN6zephyr7arduinoL35__pinctrl_states__device_dts_ord_17E)
 .rodata._ZN6zephyr7arduinoL35__pinctrl_states__device_dts_ord_17E
                0x00000000000002b0       0x18 /home/arduino/ArduinoApps/study-assistant/.cache/sketch/core/core.a(zephyrPinctrl.cpp.o)
 *(.rodata._ZN6zephyr7arduinoL35__pinctrl_states__device_dts_ord_25E)
 .rodata._ZN6zephyr7arduinoL35__pinctrl_states__device_dts_ord_25E
                0x00000000000002c8        0x8 /home/arduino/ArduinoApps/study-assistant/.cache/sketch/core/core.a(zephyrPinctrl.cpp.o)
 *(.rodata._ZN6zephyr7arduinoL35__pinctrl_states__device_dts_ord_29E)
 .rodata._ZN6zephyr7arduinoL35__pinctrl_states__device_dts_ord_29E
                0x00000000000002d0        0x8 /home/arduino/ArduinoApps/study-assistant/.cache/sketch/core/core.a(zephyrPinctrl.cpp.o)
 *(.rodata._ZN6zephyr7arduinoL35__pinctrl_states__device_dts_ord_35E)
 .rodata._ZN6zephyr7arduinoL35__pinctrl_states__device_dts_ord_35E
                0x00000000000002d8       0x10 /home/arduino/ArduinoApps/study-assistant/.cache/sketch/core/core.a(zephyrPinctrl.cpp.o)
 *(.rodata._ZN6zephyr7arduinoL35__pinctrl_states__device_dts_ord_55E)
 .rodata._ZN6zephyr7arduinoL35__pinctrl_states__device_dts_ord_55E
                0x00000000000002e8        0x8 /home/arduino/ArduinoApps/study-assistant/.cache/sketch/core/core.a(zephyrPinctrl.cpp.o)
 *(.rodata._ZN6zephyr7arduinoL35__pinctrl_states__device_dts_ord_64E)
 .rodata._ZN6zephyr7arduinoL35__pinctrl_states__device_dts_ord_64E
                0x00000000000002f0        0x8 /home/arduino/ArduinoApps/study-assistant/.cache/sketch/core/core.a(zephyrPinctrl.cpp.o)
 *(.rodata._ZN6zephyr7arduinoL35__pinctrl_states__device_dts_ord_69E)
 .rodata._ZN6zephyr7arduinoL35__pinctrl_states__device_dts_ord_69E
                0x00000000000002f8        0x8 /home/arduino/ArduinoApps/study-assistant/.cache/sketch/core/core.a(zephyrPinctrl.cpp.o)
 *(.rodata._ZN6zephyr7arduinoL35__pinctrl_states__device_dts_ord_77E)
 .rodata._ZN6zephyr7arduinoL35__pinctrl_states__device_dts_ord_77E
                0x0000000000000300       0x10 /home/arduino/ArduinoApps/study-assistant/.cache/sketch/core/core.a(zephyrPinctrl.cpp.o)
 *(.rodata._ZN6zephyr7arduinoL35__pinctrl_states__device_dts_ord_82E)
 .rodata._ZN6zephyr7arduinoL35__pinctrl_states__device_dts_ord_82E
                0x0000000000000310        0x8 /home/arduino/ArduinoApps/study-assistant/.cache/sketch/core/core.a(zephyrPinctrl.cpp.o)
 *(.rodata._ZN6zephyr7arduinoL35__pinctrl_states__device_dts_ord_94E)
 .rodata._ZN6zephyr7arduinoL35__pinctrl_states__device_dts_ord_94E
                0x0000000000000318       0x18 /home/arduino/ArduinoApps/study-assistant/.cache/sketch/core/core.a(zephyrPinctrl.cpp.o)
 *(.rodata._ZN6zephyr7arduinoL35__pinctrl_states__device_dts_ord_99E)
 .rodata._ZN6zephyr7arduinoL35__pinctrl_states__device_dts_ord_99E
                0x0000000000000330       0x18 /home/arduino/ArduinoApps/study-assistant/.cache/sketch/core/core.a(zephyrPinctrl.cpp.o)
 *(.rodata._ZN6zephyr7arduinoL36__pinctrl_states__device_dts_ord_103E)
 .rodata._ZN6zephyr7arduinoL36__pinctrl_states__device_dts_ord_103E
                0x0000000000000348       0x18 /home/arduino/ArduinoApps/study-assistant/.cache/sketch/core/core.a(zephyrPinctrl.cpp.o)
 *(.rodata._ZN6zephyr7arduinoL36__pinctrl_states__device_dts_ord_108E)
 .rodata._ZN6zephyr7arduinoL36__pinctrl_states__device_dts_ord_108E
                0x0000000000000360       0x18 /home/arduino/ArduinoApps/study-assistant/.cache/sketch/core/core.a(zephyrPinctrl.cpp.o)
 *(.rodata._ZN6zephyr7arduinoL36__pinctrl_states__device_dts_ord_114E)
 .rodata._ZN6zephyr7arduinoL36__pinctrl_states__device_dts_ord_114E
                0x0000000000000378       0x18 /home/arduino/ArduinoApps/study-assistant/.cache/sketch/core/core.a(zephyrPinctrl.cpp.o)
 *(.rodata._ZN6zephyr7arduinoL36__pinctrl_states__device_dts_ord_117E)
 .rodata._ZN6zephyr7arduinoL36__pinctrl_states__device_dts_ord_117E
                0x0000000000000390       0x18 /home/arduino/ArduinoApps/study-assistant/.cache/sketch/core/core.a(zephyrPinctrl.cpp.o)
 *(.rodata._ZN6zephyr7arduinoL39__pinctrl_dev_config__device_dts_ord_17E)
 .rodata._ZN6zephyr7arduinoL39__pinctrl_dev_config__device_dts_ord_17E
                0x00000000000003a8        0x8 /home/arduino/ArduinoApps/study-assistant/.cache/sketch/core/core.a(zephyrPinctrl.cpp.o)
 *(.rodata._ZN6zephyr7arduinoL39__pinctrl_dev_config__device_dts_ord_25E)
 .rodata._ZN6zephyr7arduinoL39__pinctrl_dev_config__device_dts_ord_25E
                0x00000000000003b0        0x8 /home/arduino/ArduinoApps/study-assistant/.cache/sketch/core/core.a(zephyrPinctrl.cpp.o)
 *(.rodata._ZN6zephyr7arduinoL39__pinctrl_dev_config__device_dts_ord_29E)
 .rodata._ZN6zephyr7arduinoL39__pinctrl_dev_config__device_dts_ord_29E
                0x00000000000003b8        0x8 /home/arduino/ArduinoApps/study-assistant/.cache/sketch/core/core.a(zephyrPinctrl.cpp.o)
 *(.rodata._ZN6zephyr7arduinoL39__pinctrl_dev_config__device_dts_ord_35E)
 .rodata._ZN6zephyr7arduinoL39__pinctrl_dev_config__device_dts_ord_35E
                0x00000000000003c0        0x8 /home/arduino/ArduinoApps/study-assistant/.cache/sketch/core/core.a(zephyrPinctrl.cpp.o)
 *(.rodata._ZN6zephyr7arduinoL39__pinctrl_dev_config__device_dts_ord_55E)
 .rodata._ZN6zephyr7arduinoL39__pinctrl_dev_config__device_dts_ord_55E
                0x00000000000003c8        0x8 /home/arduino/ArduinoApps/study-assistant/.cache/sketch/core/core.a(zephyrPinctrl.cpp.o)
 *(.rodata._ZN6zephyr7arduinoL39__pinctrl_dev_config__device_dts_ord_64E)
 .rodata._ZN6zephyr7arduinoL39__pinctrl_dev_config__device_dts_ord_64E
                0x00000000000003d0        0x8 /home/arduino/ArduinoApps/study-assistant/.cache/sketch/core/core.a(zephyrPinctrl.cpp.o)
 *(.rodata._ZN6zephyr7arduinoL39__pinctrl_dev_config__device_dts_ord_69E)
 .rodata._ZN6zephyr7arduinoL39__pinctrl_dev_config__device_dts_ord_69E
                0x00000000000003d8        0x8 /home/arduino/ArduinoApps/study-assistant/.cache/sketch/core/core.a(zephyrPinctrl.cpp.o)
 *(.rodata._ZN6zephyr7arduinoL39__pinctrl_dev_config__device_dts_ord_77E)
 .rodata._ZN6zephyr7arduinoL39__pinctrl_dev_config__device_dts_ord_77E
                0x00000000000003e0        0x8 /home/arduino/ArduinoApps/study-assistant/.cache/sketch/core/core.a(zephyrPinctrl.cpp.o)
 *(.rodata._ZN6zephyr7arduinoL39__pinctrl_dev_config__device_dts_ord_82E)
 .rodata._ZN6zephyr7arduinoL39__pinctrl_dev_config__device_dts_ord_82E
                0x00000000000003e8        0x8 /home/arduino/ArduinoApps/study-assistant/.cache/sketch/core/core.a(zephyrPinctrl.cpp.o)
 *(.rodata._ZN6zephyr7arduinoL39__pinctrl_dev_config__device_dts_ord_94E)
 .rodata._ZN6zephyr7arduinoL39__pinctrl_dev_config__device_dts_ord_94E
                0x00000000000003f0        0x8 /home/arduino/ArduinoApps/study-assistant/.cache/sketch/core/core.a(zephyrPinctrl.cpp.o)
 *(.rodata._ZN6zephyr7arduinoL39__pinctrl_dev_config__device_dts_ord_99E)
 .rodata._ZN6zephyr7arduinoL39__pinctrl_dev_config__device_dts_ord_99E
                0x00000000000003f8        0x8 /home/arduino/ArduinoApps/study-assistant/.cache/sketch/core/core.a(zephyrPinctrl.cpp.o)
 *(.rodata._ZN6zephyr7arduinoL40__pinctrl_dev_config__device_dts_ord_103E)
 .rodata._ZN6zephyr7arduinoL40__pinctrl_dev_config__device_dts_ord_103E
                0x0000000000000400        0x8 /home/arduino/ArduinoApps/study-assistant/.cache/sketch/core/core.a(zephyrPinctrl.cpp.o)
 *(.rodata._ZN6zephyr7arduinoL40__pinctrl_dev_config__device_dts_ord_108E)
 .rodata._ZN6zephyr7arduinoL40__pinctrl_dev_config__device_dts_ord_108E
                0x0000000000000408        0x8 /home/arduino/ArduinoApps/study-assistant/.cache/sketch/core/core.a(zephyrPinctrl.cpp.o)
 *(.rodata._ZN6zephyr7arduinoL40__pinctrl_dev_config__device_dts_ord_114E)
 .rodata._ZN6zephyr7arduinoL40__pinctrl_dev_config__device_dts_ord_114E
                0x0000000000000410        0x8 /home/arduino/ArduinoApps/study-assistant/.cache/sketch/core/core.a(zephyrPinctrl.cpp.o)
 *(.rodata._ZN6zephyr7arduinoL40__pinctrl_dev_config__device_dts_ord_117E)
 .rodata._ZN6zephyr7arduinoL40__pinctrl_dev_config__device_dts_ord_117E
                0x0000000000000418        0x8 /home/arduino/ArduinoApps/study-assistant/.cache/sketch/core/core.a(zephyrPinctrl.cpp.o)
 *(.rodata._ZTV12ModulinoKnob)
 .rodata._ZTV12ModulinoKnob
                0x0000000000000420       0x18 /home/arduino/ArduinoApps/study-assistant/.cache/sketch/sketch/sketch.ino.cpp.o
                0x0000000000000420                vtable for ModulinoKnob
 *(.rodata._ZTV13BridgeMonitorILj512EE)
 .rodata._ZTV13BridgeMonitorILj512EE
                0x0000000000000438       0x24 /home/arduino/ArduinoApps/study-assistant/.cache/sketch/libraries/Arduino_RouterBridge/singletons.cpp.o
                0x0000000000000438                vtable for BridgeMonitor<512u>
 *(.rodata._ZTV14ModulinoBuzzer)
 .rodata._ZTV14ModulinoBuzzer
                0x000000000000045c       0x18 /home/arduino/ArduinoApps/study-assistant/.cache/sketch/sketch/sketch.ino.cpp.o
                0x000000000000045c                vtable for ModulinoBuzzer
 *(.rodata._ZTV14ModulinoPixels)
 .rodata._ZTV14ModulinoPixels
                0x0000000000000474       0x18 /home/arduino/ArduinoApps/study-assistant/.cache/sketch/sketch/sketch.ino.cpp.o
                0x0000000000000474                vtable for ModulinoPixels
 *(.rodata._ZTV15ArduinoGraphics)
 .rodata._ZTV15ArduinoGraphics
                0x000000000000048c       0x94 /home/arduino/ArduinoApps/study-assistant/.cache/sketch/libraries/ArduinoGraphics/ArduinoGraphics.cpp.o
                0x000000000000048c                vtable for ArduinoGraphics
 *(.rodata._ZTV15SerialTransport)
 .rodata._ZTV15SerialTransport
                0x0000000000000520       0x20 /home/arduino/ArduinoApps/study-assistant/.cache/sketch/sketch/sketch.ino.cpp.o
                0x0000000000000520                vtable for SerialTransport
 *(.rodata._ZTV18Arduino_LED_Matrix)
 .rodata._ZTV18Arduino_LED_Matrix
                0x0000000000000540       0x94 /home/arduino/ArduinoApps/study-assistant/.cache/sketch/sketch/sketch.ino.cpp.o
                0x0000000000000540                vtable for Arduino_LED_Matrix
 *(.rodata._ZTV18RpcFunctionWrapperISt8functionIFvbEEE)
 .rodata._ZTV18RpcFunctionWrapperISt8functionIFvbEEE
                0x00000000000005d4       0x14 /home/arduino/ArduinoApps/study-assistant/.cache/sketch/sketch/sketch.ino.cpp.o
                0x00000000000005d4                vtable for RpcFunctionWrapper<std::function<void (bool)> >
 *(.rodata._ZTVN7arduino12ZephyrSerialE)
 .rodata._ZTVN7arduino12ZephyrSerialE
                0x00000000000005e8       0x34 /home/arduino/ArduinoApps/study-assistant/.cache/sketch/core/core.a(zephyrSerial.cpp.o)
                0x00000000000005e8                vtable for arduino::ZephyrSerial
 *(.rodata._ZTVN7arduino9ZephyrI2CE)
 .rodata._ZTVN7arduino9ZephyrI2CE
                0x000000000000061c       0x54 /home/arduino/ArduinoApps/study-assistant/.cache/sketch/libraries/Wire/Wire.cpp.o
                0x000000000000061c                vtable for arduino::ZephyrI2C
 *(.rodata._ZTVN7arduino9ZephyrSPIE)
 .rodata._ZTVN7arduino9ZephyrSPIE
                0x0000000000000670       0x3c /home/arduino/ArduinoApps/study-assistant/.cache/sketch/libraries/SPI/SPI.cpp.o
                0x0000000000000670                vtable for arduino::ZephyrSPI

.llext.rodata.noreloc
                0x00000000000006ac      0x52b
 *(.rodata)
 .rodata        0x00000000000006ac        0x2 /home/arduino/ArduinoApps/study-assistant/.cache/sketch/sketch/sketch.ino.cpp.o
 *(.rodata._GLOBAL__sub_I_matrix.str1.1)
 .rodata._GLOBAL__sub_I_matrix.str1.1
                0x00000000000006ae       0x14 /home/arduino/ArduinoApps/study-assistant/.cache/sketch/sketch/sketch.ino.cpp.o
 *(.rodata._Z14set_cell_phoneb.str1.1)
 .rodata._Z14set_cell_phoneb.str1.1
                0x00000000000006c2       0x1c /home/arduino/ArduinoApps/study-assistant/.cache/sketch/sketch/sketch.ino.cpp.o
 *(.rodata._ZN10RpcDecoderILj1024EE12get_responseIN7arduino7msgpack6object5nil_tEEEbjRT_R8RpcError.str1.1)
 .rodata._ZN10RpcDecoderILj1024EE12get_responseIN7arduino7msgpack6object5nil_tEEEbjRT_R8RpcError.str1.1
                0x00000000000006de       0x7b /home/arduino/ArduinoApps/study-assistant/.cache/sketch/libraries/Arduino_RouterBridge/singletons.cpp.o
 *(.rodata._ZN10RpcDecoderILj1024EE12get_responseIbEEbjRT_R8RpcError.str1.1)
 .rodata._ZN10RpcDecoderILj1024EE12get_responseIbEEbjRT_R8RpcError.str1.1
                0x0000000000000759       0x7b /home/arduino/ArduinoApps/study-assistant/.cache/sketch/sketch/sketch.ino.cpp.o
 *(.rodata._ZN11BridgeClass11update_safeEv.str1.1)
 .rodata._ZN11BridgeClass11update_safeEv.str1.1
                0x00000000000007d4        0x9 /home/arduino/ArduinoApps/study-assistant/.cache/sketch/sketch/sketch.ino.cpp.o
 *(.rodata._ZN11BridgeClass5beginEm.str1.1)
 .rodata._ZN11BridgeClass5beginEm.str1.1
                0x00000000000007dd       0x45 /home/arduino/ArduinoApps/study-assistant/.cache/sketch/sketch/sketch.ino.cpp.o
 *(.rodata._ZN13BridgeMonitorILj512EE5_readEj.str1.1)
 .rodata._ZN13BridgeMonitorILj512EE5_readEj.str1.1
                0x0000000000000822        0x9 /home/arduino/ArduinoApps/study-assistant/.cache/sketch/libraries/Arduino_RouterBridge/singletons.cpp.o
 *(.rodata._ZN13BridgeMonitorILj512EE5writeEPKhj.str1.1)
 .rodata._ZN13BridgeMonitorILj512EE5writeEPKhj.str1.1
                0x000000000000082b        0xa /home/arduino/ArduinoApps/study-assistant/.cache/sketch/libraries/Arduino_RouterBridge/singletons.cpp.o
 *(.rodata._ZN13BridgeMonitorILj512EEcvbEv.str1.1)
 .rodata._ZN13BridgeMonitorILj512EEcvbEv.str1.1
                0x0000000000000835       0x4d /home/arduino/ArduinoApps/study-assistant/.cache/sketch/libraries/Arduino_RouterBridge/singletons.cpp.o
 *(.rodata._ZN15ArduinoGraphics5flushEv.str1.1)
 .rodata._ZN15ArduinoGraphics5flushEv.str1.1
                0x0000000000000882        0x1 /home/arduino/ArduinoApps/study-assistant/.cache/sketch/libraries/ArduinoGraphics/ArduinoGraphics.cpp.o
 *(.rodata._ZN18RpcFunctionWrapperISt8functionIFvbEEEclERN7arduino7msgpack8UnpackerERNS5_6PackerE.str1.1)
 .rodata._ZN18RpcFunctionWrapperISt8functionIFvbEEEclERN7arduino7msgpack8UnpackerERNS5_6PackerE.str1.1
                0x0000000000000883       0xa6 /home/arduino/ArduinoApps/study-assistant/.cache/sketch/sketch/sketch.ino.cpp.o
 *(.rodata._ZN6zephyr7arduinoL41__pinctrl_state_pins_0__device_dts_ord_17E)
 *fill*         0x0000000000000929        0x3 
 .rodata._ZN6zephyr7arduinoL41__pinctrl_state_pins_0__device_dts_ord_17E
                0x000000000000092c        0x0 /home/arduino/ArduinoApps/study-assistant/.cache/sketch/core/core.a(zephyrPinctrl.cpp.o)
 *(.rodata._ZN6zephyr7arduinoL41__pinctrl_state_pins_0__device_dts_ord_25E)
 .rodata._ZN6zephyr7arduinoL41__pinctrl_state_pins_0__device_dts_ord_25E
                0x000000000000092c       0x10 /home/arduino/ArduinoApps/study-assistant/.cache/sketch/core/core.a(zephyrPinctrl.cpp.o)
 *(.rodata._ZN6zephyr7arduinoL41__pinctrl_state_pins_0__device_dts_ord_29E)
 .rodata._ZN6zephyr7arduinoL41__pinctrl_state_pins_0__device_dts_ord_29E
                0x000000000000093c       0x10 /home/arduino/ArduinoApps/study-assistant/.cache/sketch/core/core.a(zephyrPinctrl.cpp.o)
 *(.rodata._ZN6zephyr7arduinoL41__pinctrl_state_pins_0__device_dts_ord_35E)
 .rodata._ZN6zephyr7arduinoL41__pinctrl_state_pins_0__device_dts_ord_35E
                0x000000000000094c       0x10 /home/arduino/ArduinoApps/study-assistant/.cache/sketch/core/core.a(zephyrPinctrl.cpp.o)
 *(.rodata._ZN6zephyr7arduinoL41__pinctrl_state_pins_0__device_dts_ord_55E)
 .rodata._ZN6zephyr7arduinoL41__pinctrl_state_pins_0__device_dts_ord_55E
                0x000000000000095c       0x10 /home/arduino/ArduinoApps/study-assistant/.cache/sketch/core/core.a(zephyrPinctrl.cpp.o)
 *(.rodata._ZN6zephyr7arduinoL41__pinctrl_state_pins_0__device_dts_ord_64E)
 .rodata._ZN6zephyr7arduinoL41__pinctrl_state_pins_0__device_dts_ord_64E
                0x000000000000096c       0x10 /home/arduino/ArduinoApps/study-assistant/.cache/sketch/core/core.a(zephyrPinctrl.cpp.o)
 *(.rodata._ZN6zephyr7arduinoL41__pinctrl_state_pins_0__device_dts_ord_69E)
 .rodata._ZN6zephyr7arduinoL41__pinctrl_state_pins_0__device_dts_ord_69E
                0x000000000000097c       0x20 /home/arduino/ArduinoApps/study-assistant/.cache/sketch/core/core.a(zephyrPinctrl.cpp.o)
 *(.rodata._ZN6zephyr7arduinoL41__pinctrl_state_pins_0__device_dts_ord_77E)
 .rodata._ZN6zephyr7arduinoL41__pinctrl_state_pins_0__device_dts_ord_77E
                0x000000000000099c       0x20 /home/arduino/ArduinoApps/study-assistant/.cache/sketch/core/core.a(zephyrPinctrl.cpp.o)
 *(.rodata._ZN6zephyr7arduinoL41__pinctrl_state_pins_0__device_dts_ord_82E)
 .rodata._ZN6zephyr7arduinoL41__pinctrl_state_pins_0__device_dts_ord_82E
                0x00000000000009bc       0x20 /home/arduino/ArduinoApps/study-assistant/.cache/sketch/core/core.a(zephyrPinctrl.cpp.o)
 *(.rodata._ZN6zephyr7arduinoL41__pinctrl_state_pins_0__device_dts_ord_94E)
 .rodata._ZN6zephyr7arduinoL41__pinctrl_state_pins_0__device_dts_ord_94E
                0x00000000000009dc        0x0 /home/arduino/ArduinoApps/study-assistant/.cache/sketch/core/core.a(zephyrPinctrl.cpp.o)
 *(.rodata._ZN6zephyr7arduinoL41__pinctrl_state_pins_0__device_dts_ord_99E)
 .rodata._ZN6zephyr7arduinoL41__pinctrl_state_pins_0__device_dts_ord_99E
                0x00000000000009dc        0x0 /home/arduino/ArduinoApps/study-assistant/.cache/sketch/core/core.a(zephyrPinctrl.cpp.o)
 *(.rodata._ZN6zephyr7arduinoL41__pinctrl_state_pins_1__device_dts_ord_17E)
 .rodata._ZN6zephyr7arduinoL41__pinctrl_state_pins_1__device_dts_ord_17E
                0x00000000000009dc        0x0 /home/arduino/ArduinoApps/study-assistant/.cache/sketch/core/core.a(zephyrPinctrl.cpp.o)
 *(.rodata._ZN6zephyr7arduinoL41__pinctrl_state_pins_1__device_dts_ord_35E)
 .rodata._ZN6zephyr7arduinoL41__pinctrl_state_pins_1__device_dts_ord_35E
                0x00000000000009dc       0x10 /home/arduino/ArduinoApps/study-assistant/.cache/sketch/core/core.a(zephyrPinctrl.cpp.o)
 *(.rodata._ZN6zephyr7arduinoL41__pinctrl_state_pins_1__device_dts_ord_77E)
 .rodata._ZN6zephyr7arduinoL41__pinctrl_state_pins_1__device_dts_ord_77E
                0x00000000000009ec       0x18 /home/arduino/ArduinoApps/study-assistant/.cache/sketch/core/core.a(zephyrPinctrl.cpp.o)
 *(.rodata._ZN6zephyr7arduinoL41__pinctrl_state_pins_1__device_dts_ord_94E)
 .rodata._ZN6zephyr7arduinoL41__pinctrl_state_pins_1__device_dts_ord_94E
                0x0000000000000a04        0x0 /home/arduino/ArduinoApps/study-assistant/.cache/sketch/core/core.a(zephyrPinctrl.cpp.o)
 *(.rodata._ZN6zephyr7arduinoL41__pinctrl_state_pins_1__device_dts_ord_99E)
 .rodata._ZN6zephyr7arduinoL41__pinctrl_state_pins_1__device_dts_ord_99E
                0x0000000000000a04        0x0 /home/arduino/ArduinoApps/study-assistant/.cache/sketch/core/core.a(zephyrPinctrl.cpp.o)
 *(.rodata._ZN6zephyr7arduinoL41__pinctrl_state_pins_2__device_dts_ord_17E)
 .rodata._ZN6zephyr7arduinoL41__pinctrl_state_pins_2__device_dts_ord_17E
                0x0000000000000a04       0x30 /home/arduino/ArduinoApps/study-assistant/.cache/sketch/core/core.a(zephyrPinctrl.cpp.o)
 *(.rodata._ZN6zephyr7arduinoL41__pinctrl_state_pins_2__device_dts_ord_94E)
 .rodata._ZN6zephyr7arduinoL41__pinctrl_state_pins_2__device_dts_ord_94E
                0x0000000000000a34       0x18 /home/arduino/ArduinoApps/study-assistant/.cache/sketch/core/core.a(zephyrPinctrl.cpp.o)
 *(.rodata._ZN6zephyr7arduinoL41__pinctrl_state_pins_2__device_dts_ord_99E)
 .rodata._ZN6zephyr7arduinoL41__pinctrl_state_pins_2__device_dts_ord_99E
                0x0000000000000a4c       0x18 /home/arduino/ArduinoApps/study-assistant/.cache/sketch/core/core.a(zephyrPinctrl.cpp.o)
 *(.rodata._ZN6zephyr7arduinoL42__pinctrl_state_pins_0__device_dts_ord_103E)
 .rodata._ZN6zephyr7arduinoL42__pinctrl_state_pins_0__device_dts_ord_103E
                0x0000000000000a64        0x0 /home/arduino/ArduinoApps/study-assistant/.cache/sketch/core/core.a(zephyrPinctrl.cpp.o)
 *(.rodata._ZN6zephyr7arduinoL42__pinctrl_state_pins_0__device_dts_ord_108E)
 .rodata._ZN6zephyr7arduinoL42__pinctrl_state_pins_0__device_dts_ord_108E
                0x0000000000000a64        0x0 /home/arduino/ArduinoApps/study-assistant/.cache/sketch/core/core.a(zephyrPinctrl.cpp.o)
 *(.rodata._ZN6zephyr7arduinoL42__pinctrl_state_pins_0__device_dts_ord_114E)
 .rodata._ZN6zephyr7arduinoL42__pinctrl_state_pins_0__device_dts_ord_114E
                0x0000000000000a64        0x0 /home/arduino/ArduinoApps/study-assistant/.cache/sketch/core/core.a(zephyrPinctrl.cpp.o)
 *(.rodata._ZN6zephyr7arduinoL42__pinctrl_state_pins_0__device_dts_ord_117E)
 .rodata._ZN6zephyr7arduinoL42__pinctrl_state_pins_0__device_dts_ord_117E
                0x0000000000000a64        0x0 /home/arduino/ArduinoApps/study-assistant/.cache/sketch/core/core.a(zephyrPinctrl.cpp.o)
 *(.rodata._ZN6zephyr7arduinoL42__pinctrl_state_pins_1__device_dts_ord_103E)
 .rodata._ZN6zephyr7arduinoL42__pinctrl_state_pins_1__device_dts_ord_103E
                0x0000000000000a64        0x0 /home/arduino/ArduinoApps/study-assistant/.cache/sketch/core/core.a(zephyrPinctrl.cpp.o)
 *(.rodata._ZN6zephyr7arduinoL42__pinctrl_state_pins_1__device_dts_ord_108E)
 .rodata._ZN6zephyr7arduinoL42__pinctrl_state_pins_1__device_dts_ord_108E
                0x0000000000000a64        0x0 /home/arduino/ArduinoApps/study-assistant/.cache/sketch/core/core.a(zephyrPinctrl.cpp.o)
 *(.rodata._ZN6zephyr7arduinoL42__pinctrl_state_pins_1__device_dts_ord_114E)
 .rodata._ZN6zephyr7arduinoL42__pinctrl_state_pins_1__device_dts_ord_114E
                0x0000000000000a64        0x0 /home/arduino/ArduinoApps/study-assistant/.cache/sketch/core/core.a(zephyrPinctrl.cpp.o)
 *(.rodata._ZN6zephyr7arduinoL42__pinctrl_state_pins_1__device_dts_ord_117E)
 .rodata._ZN6zephyr7arduinoL42__pinctrl_state_pins_1__device_dts_ord_117E
                0x0000000000000a64        0x0 /home/arduino/ArduinoApps/study-assistant/.cache/sketch/core/core.a(zephyrPinctrl.cpp.o)
 *(.rodata._ZN6zephyr7arduinoL42__pinctrl_state_pins_2__device_dts_ord_103E)
 .rodata._ZN6zephyr7arduinoL42__pinctrl_state_pins_2__device_dts_ord_103E
                0x0000000000000a64       0x10 /home/arduino/ArduinoApps/study-assistant/.cache/sketch/core/core.a(zephyrPinctrl.cpp.o)
 *(.rodata._ZN6zephyr7arduinoL42__pinctrl_state_pins_2__device_dts_ord_108E)
 .rodata._ZN6zephyr7arduinoL42__pinctrl_state_pins_2__device_dts_ord_108E
                0x0000000000000a74       0x18 /home/arduino/ArduinoApps/study-assistant/.cache/sketch/core/core.a(zephyrPinctrl.cpp.o)
 *(.rodata._ZN6zephyr7arduinoL42__pinctrl_state_pins_2__device_dts_ord_114E)
 .rodata._ZN6zephyr7arduinoL42__pinctrl_state_pins_2__device_dts_ord_114E
                0x0000000000000a8c       0x20 /home/arduino/ArduinoApps/study-assistant/.cache/sketch/core/core.a(zephyrPinctrl.cpp.o)
 *(.rodata._ZN6zephyr7arduinoL42__pinctrl_state_pins_2__device_dts_ord_117E)
 .rodata._ZN6zephyr7arduinoL42__pinctrl_state_pins_2__device_dts_ord_117E
                0x0000000000000aac        0x8 /home/arduino/ArduinoApps/study-assistant/.cache/sketch/core/core.a(zephyrPinctrl.cpp.o)
 *(.rodata._ZN7RpcCallIJEE6resultIbEEbRT_.part.0.str1.1)
 .rodata._ZN7RpcCallIJEE6resultIbEEbRT_.part.0.str1.1
                0x0000000000000ab4       0x21 /home/arduino/ArduinoApps/study-assistant/.cache/sketch/sketch/sketch.ino.cpp.o
 *(.rodata._ZN7RpcCallIJEEC2ERKN7arduino6StringEP9RPCClientP7k_mutexS8_.str1.1)
 .rodata._ZN7RpcCallIJEEC2ERKN7arduino6StringEP9RPCClientP7k_mutexS8_.str1.1
                0x0000000000000ad5       0x1e /home/arduino/ArduinoApps/study-assistant/.cache/sketch/sketch/sketch.ino.cpp.o
 *(.rodata._ZN7arduino5Print7printlnEv.str1.1)
 .rodata._ZN7arduino5Print7printlnEv.str1.1
                0x0000000000000af3        0x3 /home/arduino/ArduinoApps/study-assistant/.cache/sketch/core/core.a(Print.cpp.o)
 *(.rodata._ZN7arduino7msgpack6object3extC2EaPKhj.str1.1)
 .rodata._ZN7arduino7msgpack6object3extC2EaPKhj.str1.1
                0x0000000000000af6       0x28 /home/arduino/ArduinoApps/study-assistant/.cache/sketch/sketch/sketch.ino.cpp.o
 *(.rodata._ZN8RpcErrorC2Ev.str1.1)
 .rodata._ZN8RpcErrorC2Ev.str1.1
                0x0000000000000b1e        0x1 /home/arduino/ArduinoApps/study-assistant/.cache/sketch/sketch/sketch.ino.cpp.o
 .rodata._ZN8RpcErrorC2Ev.str1.1
                0x0000000000000b1f        0x1 /home/arduino/ArduinoApps/study-assistant/.cache/sketch/libraries/Arduino_RouterBridge/singletons.cpp.o
 *(.rodata._ZNSt6vectorIjSaIjEE17_M_realloc_insertIJRjEEEvN9__gnu_cxx17__normal_iteratorIPjS1_EEDpOT_.str1.1)
 .rodata._ZNSt6vectorIjSaIjEE17_M_realloc_insertIJRjEEEvN9__gnu_cxx17__normal_iteratorIPjS1_EEDpOT_.str1.1
                0x0000000000000b20       0x1a /home/arduino/ArduinoApps/study-assistant/.cache/sketch/sketch/sketch.ino.cpp.o
 .rodata._ZNSt6vectorIjSaIjEE17_M_realloc_insertIJRjEEEvN9__gnu_cxx17__normal_iteratorIPjS1_EEDpOT_.str1.1
                0x0000000000000b3a       0x1a /home/arduino/ArduinoApps/study-assistant/.cache/sketch/libraries/Arduino_RouterBridge/singletons.cpp.o
 *(.rodata.setup.str1.1)
 .rodata.setup.str1.1
                0x0000000000000b54       0x32 /home/arduino/ArduinoApps/study-assistant/.cache/sketch/sketch/sketch.ino.cpp.o
 *(.rodata.str1.1)
 .rodata.str1.1
                0x0000000000000b86       0x51 /home/arduino/ArduinoApps/study-assistant/.cache/sketch/core/core.a(main.cpp.o)

.rel.rodata
 *(.rel.rodata)
 *(.rel.rodata.*)

.rela.rodata
 *(.rela.rodata)
 *(.rela.rodata.*)

/DISCARD/
 *(.ARM.attributes)
 *(.ARM.attributes.*)
 *(.ARM.exidx)
 *(.ARM.exidx.*)
 *(.ARM.extidx)
 *(.ARM.extidx.*)
 *(.ARM.extab)
 *(.ARM.extab.*)
 *(.comment)
 *(.comment.*)
 *(.llvmbc)
 *(.llvmcmd)
 *(.eh_frame)
 *stdexcept.o()
 *eh_*.o()
 *cow-stdexcept.o()
 *cow-string-inst.o()

.text           0x0000000000000000     0x81ea
 *(.text)
 *(.stub)
 *(.text*)
 .text._ZN7arduino5Print17availableForWriteEv
                0x0000000000000000        0x4 /home/arduino/ArduinoApps/study-assistant/.cache/sketch/sketch/sketch.ino.cpp.o
                0x0000000000000000                arduino::Print::availableForWrite()
 .text._ZN15SerialTransport9availableEv
                0x0000000000000004       0x12 /home/arduino/ArduinoApps/study-assistant/.cache/sketch/sketch/sketch.ino.cpp.o
                0x0000000000000004                SerialTransport::available()
 .text._ZN15SerialTransport5writeEPKhj
                0x0000000000000016       0x10 /home/arduino/ArduinoApps/study-assistant/.cache/sketch/sketch/sketch.ino.cpp.o
                0x0000000000000016                SerialTransport::write(unsigned char const*, unsigned int)
 .text._ZN15ArduinoGraphics4textERKN7arduino6StringEii
                0x0000000000000026       0x10 /home/arduino/ArduinoApps/study-assistant/.cache/sketch/sketch/sketch.ino.cpp.o
                0x0000000000000026                ArduinoGraphics::text(arduino::String const&, int, int)
 .text._ZN15ArduinoGraphics8textSizeEh
                0x0000000000000036        0x8 /home/arduino/ArduinoApps/study-assistant/.cache/sketch/sketch/sketch.ino.cpp.o
                0x0000000000000036                ArduinoGraphics::textSize(unsigned char)
 .text._ZN18Arduino_LED_Matrix3setEiihhh
                0x000000000000003e       0x2a /home/arduino/ArduinoApps/study-assistant/.cache/sketch/sketch/sketch.ino.cpp.o
                0x000000000000003e                Arduino_LED_Matrix::set(int, int, unsigned char, unsigned char, unsigned char)
 .text._ZN12ModulinoKnobD2Ev
                0x0000000000000068        0x2 /home/arduino/ArduinoApps/study-assistant/.cache/sketch/sketch/sketch.ino.cpp.o
                0x0000000000000068                ModulinoKnob::~ModulinoKnob()
                0x0000000000000068                ModulinoKnob::~ModulinoKnob()
 .text._ZN14ModulinoPixelsD2Ev
                0x000000000000006a        0x2 /home/arduino/ArduinoApps/study-assistant/.cache/sketch/sketch/sketch.ino.cpp.o
                0x000000000000006a                ModulinoPixels::~ModulinoPixels()
                0x000000000000006a                ModulinoPixels::~ModulinoPixels()
 .text._ZN14ModulinoBuzzerD2Ev
                0x000000000000006c        0x2 /home/arduino/ArduinoApps/study-assistant/.cache/sketch/sketch/sketch.ino.cpp.o
                0x000000000000006c                ModulinoBuzzer::~ModulinoBuzzer()
                0x000000000000006c                ModulinoBuzzer::~ModulinoBuzzer()
 .text._ZN15SerialTransportD2Ev
                0x000000000000006e        0x2 /home/arduino/ArduinoApps/study-assistant/.cache/sketch/sketch/sketch.ino.cpp.o
                0x000000000000006e                SerialTransport::~SerialTransport()
                0x000000000000006e                SerialTransport::~SerialTransport()
 .text.k_yield  0x0000000000000070        0x8 /home/arduino/ArduinoApps/study-assistant/.cache/sketch/sketch/sketch.ino.cpp.o
 .text.k_mutex_lock
                0x0000000000000078        0x8 /home/arduino/ArduinoApps/study-assistant/.cache/sketch/sketch/sketch.ino.cpp.o
 .text.__tcf_0  0x0000000000000080       0x10 /home/arduino/ArduinoApps/study-assistant/.cache/sketch/sketch/sketch.ino.cpp.o
 .text._ZN15SerialTransport4readEPhj
                0x0000000000000090       0x28 /home/arduino/ArduinoApps/study-assistant/.cache/sketch/sketch/sketch.ino.cpp.o
                0x0000000000000090                SerialTransport::read(unsigned char*, unsigned int)
 .text._ZN15SerialTransport9read_byteERh
                0x00000000000000b8       0x20 /home/arduino/ArduinoApps/study-assistant/.cache/sketch/sketch/sketch.ino.cpp.o
                0x00000000000000b8                SerialTransport::read_byte(unsigned char&)
 .text._ZN14ModulinoPixelsD0Ev
                0x00000000000000d8       0x14 /home/arduino/ArduinoApps/study-assistant/.cache/sketch/sketch/sketch.ino.cpp.o
                0x00000000000000d8                ModulinoPixels::~ModulinoPixels()
 .text._ZN14ModulinoBuzzerD0Ev
                0x00000000000000ec       0x14 /home/arduino/ArduinoApps/study-assistant/.cache/sketch/sketch/sketch.ino.cpp.o
                0x00000000000000ec                ModulinoBuzzer::~ModulinoBuzzer()
 .text._ZN12ModulinoKnobD0Ev
                0x0000000000000100       0x14 /home/arduino/ArduinoApps/study-assistant/.cache/sketch/sketch/sketch.ino.cpp.o
                0x0000000000000100                ModulinoKnob::~ModulinoKnob()
 .text._ZN15SerialTransportD0Ev
                0x0000000000000114       0x14 /home/arduino/ArduinoApps/study-assistant/.cache/sketch/sketch/sketch.ino.cpp.o
                0x0000000000000114                SerialTransport::~SerialTransport()
 .text._ZN18Arduino_LED_Matrix5beginEv
                0x0000000000000128       0x10 /home/arduino/ArduinoApps/study-assistant/.cache/sketch/sketch/sketch.ino.cpp.o
                0x0000000000000128                Arduino_LED_Matrix::begin()
 .text._ZN18Arduino_LED_Matrix3endEv
                0x0000000000000138        0x8 /home/arduino/ArduinoApps/study-assistant/.cache/sketch/sketch/sketch.ino.cpp.o
                0x0000000000000138                Arduino_LED_Matrix::end()
 .text._ZN18Arduino_LED_MatrixD2Ev
                0x0000000000000140       0x18 /home/arduino/ArduinoApps/study-assistant/.cache/sketch/sketch/sketch.ino.cpp.o
                0x0000000000000140                Arduino_LED_Matrix::~Arduino_LED_Matrix()
                0x0000000000000140                Arduino_LED_Matrix::~Arduino_LED_Matrix()
 .text._ZN18Arduino_LED_MatrixD0Ev
                0x0000000000000158       0x1c /home/arduino/ArduinoApps/study-assistant/.cache/sketch/sketch/sketch.ino.cpp.o
                0x0000000000000158                Arduino_LED_Matrix::~Arduino_LED_Matrix()
 .text._ZNK6Module7printToERN7arduino5PrintE
                0x0000000000000174       0x10 /home/arduino/ArduinoApps/study-assistant/.cache/sketch/sketch/sketch.ino.cpp.o
                0x0000000000000174                Module::printTo(arduino::Print&) const
 .text._ZNSt17_Function_handlerIFvbEPS0_E10_M_managerERSt9_Any_dataRKS3_St18_Manager_operation
                0x0000000000000184       0x30 /home/arduino/ArduinoApps/study-assistant/.cache/sketch/sketch/sketch.ino.cpp.o
                0x0000000000000184                std::_Function_handler<void (bool), void (*)(bool)>::_M_manager(std::_Any_data&, std::_Any_data const&, std::_Manager_operation)
 .text._ZNSt17_Function_handlerIFvbEPS0_E9_M_invokeERKSt9_Any_dataOb
                0x00000000000001b4        0x6 /home/arduino/ArduinoApps/study-assistant/.cache/sketch/sketch/sketch.ino.cpp.o
                0x00000000000001b4                std::_Function_handler<void (bool), void (*)(bool)>::_M_invoke(std::_Any_data const&, bool&&)
 *fill*         0x00000000000001ba        0x2 
 .text._ZSt14__relocate_a_1IhhENSt9enable_ifIXsrSt24__is_bitwise_relocatableIT_vE5valueEPS2_E4typeES4_S4_S4_RSaIT0_E.isra.0
                0x00000000000001bc       0x20 /home/arduino/ArduinoApps/study-assistant/.cache/sketch/sketch/sketch.ino.cpp.o
 .text._ZNSt12_Vector_baseIhSaIhEE11_M_allocateEj.isra.0
                0x00000000000001dc       0x20 /home/arduino/ArduinoApps/study-assistant/.cache/sketch/sketch/sketch.ino.cpp.o
 .text._ZN6Module5writeEPhi.isra.0
                0x00000000000001fc       0x60 /home/arduino/ArduinoApps/study-assistant/.cache/sketch/sketch/sketch.ino.cpp.o
 .text.k_mutex_unlock.isra.0
                0x000000000000025c        0x8 /home/arduino/ArduinoApps/study-assistant/.cache/sketch/sketch/sketch.ino.cpp.o
 .text.k_mutex_init.isra.0
                0x0000000000000264        0x8 /home/arduino/ArduinoApps/study-assistant/.cache/sketch/sketch/sketch.ino.cpp.o
 .text.k_sleep.isra.0
                0x000000000000026c        0x8 /home/arduino/ArduinoApps/study-assistant/.cache/sketch/sketch/sketch.ino.cpp.o
 .text.k_msleep.constprop.0.isra.0
                0x0000000000000274        0xc /home/arduino/ArduinoApps/study-assistant/.cache/sketch/sketch/sketch.ino.cpp.o
 .text._ZNSt14_Function_baseD2Ev
                0x0000000000000280       0x12 /home/arduino/ArduinoApps/study-assistant/.cache/sketch/sketch/sketch.ino.cpp.o
                0x0000000000000280                std::_Function_base::~_Function_base()
                0x0000000000000280                std::_Function_base::~_Function_base()
 *fill*         0x0000000000000292        0x2 
 .text._ZN18RpcFunctionWrapperISt8functionIFvbEEED2Ev
                0x0000000000000294       0x1c /home/arduino/ArduinoApps/study-assistant/.cache/sketch/sketch/sketch.ino.cpp.o
                0x0000000000000294                RpcFunctionWrapper<std::function<void (bool)> >::~RpcFunctionWrapper()
                0x0000000000000294                RpcFunctionWrapper<std::function<void (bool)> >::~RpcFunctionWrapper()
 .text._ZN18RpcFunctionWrapperISt8functionIFvbEEED0Ev
                0x00000000000002b0       0x1c /home/arduino/ArduinoApps/study-assistant/.cache/sketch/sketch/sketch.ino.cpp.o
                0x00000000000002b0                RpcFunctionWrapper<std::function<void (bool)> >::~RpcFunctionWrapper()
 .text._ZN7arduino7msgpack8Unpacker11deserializeEv
                0x00000000000002cc       0x16 /home/arduino/ArduinoApps/study-assistant/.cache/sketch/sketch/sketch.ino.cpp.o
                0x00000000000002cc                arduino::msgpack::Unpacker::deserialize()
 .text._ZN7arduino7msgpack8Unpacker5clearEv
                0x00000000000002e2       0x14 /home/arduino/ArduinoApps/study-assistant/.cache/sketch/sketch/sketch.ino.cpp.o
                0x00000000000002e2                arduino::msgpack::Unpacker::clear()
 .text._ZNK7arduino7msgpack8Unpacker13getRawBytePtrEjj
                0x00000000000002f6       0x1e /home/arduino/ArduinoApps/study-assistant/.cache/sketch/sketch/sketch.ino.cpp.o
                0x00000000000002f6                arduino::msgpack::Unpacker::getRawBytePtr(unsigned int, unsigned int) const
 .text._ZN8RpcErrorC2Ev
                0x0000000000000314       0x2c /home/arduino/ArduinoApps/study-assistant/.cache/sketch/sketch/sketch.ino.cpp.o
                0x0000000000000314                RpcError::RpcError()
                0x0000000000000314                RpcError::RpcError()
 .text._ZN7arduino7msgpack8UnpackerC2Ev
                0x0000000000000340       0x10 /home/arduino/ArduinoApps/study-assistant/.cache/sketch/sketch/sketch.ino.cpp.o
                0x0000000000000340                arduino::msgpack::Unpacker::Unpacker()
                0x0000000000000340                arduino::msgpack::Unpacker::Unpacker()
 .text._ZN10RPCRequestILj256EEC2Ev
                0x0000000000000350       0x4c /home/arduino/ArduinoApps/study-assistant/.cache/sketch/sketch/sketch.ino.cpp.o
                0x0000000000000350                RPCRequest<256u>::RPCRequest()
                0x0000000000000350                RPCRequest<256u>::RPCRequest()
 .text._ZN11BridgeClass10is_startedEv
                0x000000000000039c       0x2c /home/arduino/ArduinoApps/study-assistant/.cache/sketch/sketch/sketch.ino.cpp.o
                0x000000000000039c                BridgeClass::is_started()
 .text._ZN18Arduino_LED_Matrix9loadFrameEPKj
                0x00000000000003c8       0x68 /home/arduino/ArduinoApps/study-assistant/.cache/sketch/sketch/sketch.ino.cpp.o
                0x00000000000003c8                Arduino_LED_Matrix::loadFrame(unsigned int const*)
 .text._ZN18Arduino_LED_Matrix18loadPixelsToBufferEPhjPj
                0x0000000000000430       0x46 /home/arduino/ArduinoApps/study-assistant/.cache/sketch/sketch/sketch.ino.cpp.o
                0x0000000000000430                Arduino_LED_Matrix::loadPixelsToBuffer(unsigned char*, unsigned int, unsigned int*)
 .text._ZN6Module5beginEv
                0x0000000000000476       0x20 /home/arduino/ArduinoApps/study-assistant/.cache/sketch/sketch/sketch.ino.cpp.o
                0x0000000000000476                Module::begin()
 *fill*         0x0000000000000496        0x2 
 .text._ZN6Module4readEPhi
                0x0000000000000498       0xb4 /home/arduino/ArduinoApps/study-assistant/.cache/sketch/sketch/sketch.ino.cpp.o
                0x0000000000000498                Module::read(unsigned char*, int)
 .text._ZN6Module4scanEh
                0x000000000000054c       0x40 /home/arduino/ArduinoApps/study-assistant/.cache/sketch/sketch/sketch.ino.cpp.o
                0x000000000000054c                Module::scan(unsigned char)
 .text._ZN12ModulinoKnob8discoverEv
                0x000000000000058c       0x28 /home/arduino/ArduinoApps/study-assistant/.cache/sketch/sketch/sketch.ino.cpp.o
                0x000000000000058c                ModulinoKnob::discover()
 .text._ZN14ModulinoPixels8discoverEv
                0x00000000000005b4       0x1c /home/arduino/ArduinoApps/study-assistant/.cache/sketch/sketch/sketch.ino.cpp.o
                0x00000000000005b4                ModulinoPixels::discover()
 .text._ZN14ModulinoBuzzer8discoverEv
                0x00000000000005d0       0x18 /home/arduino/ArduinoApps/study-assistant/.cache/sketch/sketch/sketch.ino.cpp.o
                0x00000000000005d0                ModulinoBuzzer::discover()
 .text._ZN14ModulinoPixels3setEi13ModulinoColorh
                0x00000000000005e8       0x48 /home/arduino/ArduinoApps/study-assistant/.cache/sketch/sketch/sketch.ino.cpp.o
                0x00000000000005e8                ModulinoPixels::set(int, ModulinoColor, unsigned char)
 .text._Z14set_cell_phoneb
                0x0000000000000630      0x108 /home/arduino/ArduinoApps/study-assistant/.cache/sketch/sketch/sketch.ino.cpp.o
                0x0000000000000630                set_cell_phone(bool)
 .text._ZN12ModulinoKnob3getEv
                0x0000000000000738       0x28 /home/arduino/ArduinoApps/study-assistant/.cache/sketch/sketch/sketch.ino.cpp.o
                0x0000000000000738                ModulinoKnob::get()
 .text._ZN12ModulinoKnob3setEs
                0x0000000000000760       0x24 /home/arduino/ArduinoApps/study-assistant/.cache/sketch/sketch/sketch.ino.cpp.o
                0x0000000000000760                ModulinoKnob::set(short)
 .text.loop     0x0000000000000784       0x28 /home/arduino/ArduinoApps/study-assistant/.cache/sketch/sketch/sketch.ino.cpp.o
                0x0000000000000784                loop
 .text._ZNSt12_Vector_baseIhSaIhEED2Ev
                0x00000000000007ac       0x18 /home/arduino/ArduinoApps/study-assistant/.cache/sketch/sketch/sketch.ino.cpp.o
                0x00000000000007ac                std::_Vector_base<unsigned char, std::allocator<unsigned char> >::~_Vector_base()
                0x00000000000007ac                std::_Vector_base<unsigned char, std::allocator<unsigned char> >::~_Vector_base()
 .text.__tcf_2  0x00000000000007c4       0x14 /home/arduino/ArduinoApps/study-assistant/.cache/sketch/sketch/sketch.ino.cpp.o
 .text.__tcf_1  0x00000000000007d8       0x14 /home/arduino/ArduinoApps/study-assistant/.cache/sketch/sketch/sketch.ino.cpp.o
 .text._ZNSt6vectorIhSaIhEE14_M_move_assignEOS1_St17integral_constantIbLb1EE.isra.0
                0x00000000000007ec       0x34 /home/arduino/ArduinoApps/study-assistant/.cache/sketch/sketch/sketch.ino.cpp.o
 .text._ZNK7arduino7msgpack8Unpacker11getRawBytesIhEET_jj
                0x0000000000000820       0x1e /home/arduino/ArduinoApps/study-assistant/.cache/sketch/sketch/sketch.ino.cpp.o
                0x0000000000000820                unsigned char arduino::msgpack::Unpacker::getRawBytes<unsigned char>(unsigned int, unsigned int) const
 *fill*         0x000000000000083e        0x2 
 .text._ZNK7arduino7msgpack8Unpacker7getTypeEj
                0x0000000000000840       0x58 /home/arduino/ArduinoApps/study-assistant/.cache/sketch/sketch/sketch.ino.cpp.o
                0x0000000000000840                arduino::msgpack::Unpacker::getType(unsigned int) const
 .text._ZNK7arduino7msgpack8Unpacker7getTypeEv
                0x0000000000000898       0x10 /home/arduino/ArduinoApps/study-assistant/.cache/sketch/sketch/sketch.ino.cpp.o
                0x0000000000000898                arduino::msgpack::Unpacker::getType() const
 .text._ZNK7arduino7msgpack8Unpacker7isArrayEv
                0x00000000000008a8       0x20 /home/arduino/ArduinoApps/study-assistant/.cache/sketch/sketch/sketch.ino.cpp.o
                0x00000000000008a8                arduino::msgpack::Unpacker::isArray() const
 .text._ZN7arduino7msgpack8Unpacker11unpackInt32Ev
                0x00000000000008c8       0x58 /home/arduino/ArduinoApps/study-assistant/.cache/sketch/sketch/sketch.ino.cpp.o
                0x00000000000008c8                arduino::msgpack::Unpacker::unpackInt32()
 .text._ZN7arduino7msgpack8Unpacker11unpackInt64Ev
                0x0000000000000920       0x60 /home/arduino/ArduinoApps/study-assistant/.cache/sketch/sketch/sketch.ino.cpp.o
                0x0000000000000920                arduino::msgpack::Unpacker::unpackInt64()
 .text._ZN7arduino7msgpack8Unpacker9unpackNilEv
                0x0000000000000980       0x3c /home/arduino/ArduinoApps/study-assistant/.cache/sketch/sketch/sketch.ino.cpp.o
                0x0000000000000980                arduino::msgpack::Unpacker::unpackNil()
 .text._ZNK7arduino7msgpack8Unpacker5isMapEv
                0x00000000000009bc       0x20 /home/arduino/ArduinoApps/study-assistant/.cache/sketch/sketch/sketch.ino.cpp.o
                0x00000000000009bc                arduino::msgpack::Unpacker::isMap() const
 .text._ZNK7arduino7msgpack8Unpacker5isIntEv
                0x00000000000009dc       0x20 /home/arduino/ArduinoApps/study-assistant/.cache/sketch/sketch/sketch.ino.cpp.o
                0x00000000000009dc                arduino::msgpack::Unpacker::isInt() const
 .text._ZNK7arduino7msgpack8Unpacker6isUIntEv
                0x00000000000009fc       0x20 /home/arduino/ArduinoApps/study-assistant/.cache/sketch/sketch/sketch.ino.cpp.o
                0x00000000000009fc                arduino::msgpack::Unpacker::isUInt() const
 .text._ZN7arduino7msgpack8Unpacker13unpackFloat32Ev
                0x0000000000000a1c       0x60 /home/arduino/ArduinoApps/study-assistant/.cache/sketch/sketch/sketch.ino.cpp.o
                0x0000000000000a1c                arduino::msgpack::Unpacker::unpackFloat32()
 .text._ZN7arduino7msgpack8Unpacker11unpackInt16Ev
                0x0000000000000a7c       0x4c /home/arduino/ArduinoApps/study-assistant/.cache/sketch/sketch/sketch.ino.cpp.o
                0x0000000000000a7c                arduino::msgpack::Unpacker::unpackInt16()
 .text._ZN7arduino7msgpack8Unpacker13unpackFloat64Ev
                0x0000000000000ac8       0x6c /home/arduino/ArduinoApps/study-assistant/.cache/sketch/sketch/sketch.ino.cpp.o
                0x0000000000000ac8                arduino::msgpack::Unpacker::unpackFloat64()
 .text._ZN7arduino7msgpack8Unpacker10unpackInt5Ev
                0x0000000000000b34       0x4c /home/arduino/ArduinoApps/study-assistant/.cache/sketch/sketch/sketch.ino.cpp.o
                0x0000000000000b34                arduino::msgpack::Unpacker::unpackInt5()
 .text._ZN7arduino7msgpack8Unpacker11unpackUInt7Ev
                0x0000000000000b80       0x48 /home/arduino/ArduinoApps/study-assistant/.cache/sketch/sketch/sketch.ino.cpp.o
                0x0000000000000b80                arduino::msgpack::Unpacker::unpackUInt7()
 .text._ZN7arduino7msgpack8Unpacker11unpackUInt8Ev
                0x0000000000000bc8       0x48 /home/arduino/ArduinoApps/study-assistant/.cache/sketch/sketch/sketch.ino.cpp.o
                0x0000000000000bc8                arduino::msgpack::Unpacker::unpackUInt8()
 .text._ZNK7arduino7msgpack8Unpacker11getRawBytesItEET_jj
                0x0000000000000c10       0x26 /home/arduino/ArduinoApps/study-assistant/.cache/sketch/sketch/sketch.ino.cpp.o
                0x0000000000000c10                unsigned short arduino::msgpack::Unpacker::getRawBytes<unsigned short>(unsigned int, unsigned int) const
 *fill*         0x0000000000000c36        0x2 
 .text._ZN7arduino7msgpack8Unpacker12unpackUInt16Ev
                0x0000000000000c38       0x48 /home/arduino/ArduinoApps/study-assistant/.cache/sketch/sketch/sketch.ino.cpp.o
                0x0000000000000c38                arduino::msgpack::Unpacker::unpackUInt16()
 .text._ZNK7arduino7msgpack8Unpacker11getRawBytesIjEET_jj
                0x0000000000000c80       0x34 /home/arduino/ArduinoApps/study-assistant/.cache/sketch/sketch/sketch.ino.cpp.o
                0x0000000000000c80                unsigned int arduino::msgpack::Unpacker::getRawBytes<unsigned int>(unsigned int, unsigned int) const
 .text._ZNK7arduino7msgpack8Unpacker14getElementSizeEj
                0x0000000000000cb4      0x11c /home/arduino/ArduinoApps/study-assistant/.cache/sketch/sketch/sketch.ino.cpp.o
                0x0000000000000cb4                arduino::msgpack::Unpacker::getElementSize(unsigned int) const
 .text._ZN7arduino7msgpack8Unpacker15unpackArraySizeEv
                0x0000000000000dd0       0x78 /home/arduino/ArduinoApps/study-assistant/.cache/sketch/sketch/sketch.ino.cpp.o
                0x0000000000000dd0                arduino::msgpack::Unpacker::unpackArraySize()
 .text._ZN7arduino7msgpack8Unpacker11deserializeINS0_4type9ArraySizeEJEEEbRT_DpOT0_.isra.0
                0x0000000000000e48       0x40 /home/arduino/ArduinoApps/study-assistant/.cache/sketch/sketch/sketch.ino.cpp.o
 .text._ZN7arduino7msgpack8Unpacker12unpackUInt32Ev
                0x0000000000000e88       0x48 /home/arduino/ArduinoApps/study-assistant/.cache/sketch/sketch/sketch.ino.cpp.o
                0x0000000000000e88                arduino::msgpack::Unpacker::unpackUInt32()
 .text._ZN7arduino7msgpack8Unpacker13unpackMapSizeEv
                0x0000000000000ed0       0x78 /home/arduino/ArduinoApps/study-assistant/.cache/sketch/sketch/sketch.ino.cpp.o
                0x0000000000000ed0                arduino::msgpack::Unpacker::unpackMapSize()
 .text._ZNK7arduino7msgpack8Unpacker11getRawBytesIyEET_jj
                0x0000000000000f48       0x3a /home/arduino/ArduinoApps/study-assistant/.cache/sketch/sketch/sketch.ino.cpp.o
                0x0000000000000f48                unsigned long long arduino::msgpack::Unpacker::getRawBytes<unsigned long long>(unsigned int, unsigned int) const
 *fill*         0x0000000000000f82        0x2 
 .text._ZN7arduino7msgpack8Unpacker12unpackUInt64Ev
                0x0000000000000f84       0x4c /home/arduino/ArduinoApps/study-assistant/.cache/sketch/sketch/sketch.ino.cpp.o
                0x0000000000000f84                arduino::msgpack::Unpacker::unpackUInt64()
 .text._ZNK7arduino7msgpack8Unpacker11getRawBytesIaEET_jj
                0x0000000000000fd0       0x1e /home/arduino/ArduinoApps/study-assistant/.cache/sketch/sketch/sketch.ino.cpp.o
                0x0000000000000fd0                signed char arduino::msgpack::Unpacker::getRawBytes<signed char>(unsigned int, unsigned int) const
 *fill*         0x0000000000000fee        0x2 
 .text._ZN7arduino7msgpack8Unpacker10unpackInt8Ev
                0x0000000000000ff0       0x48 /home/arduino/ArduinoApps/study-assistant/.cache/sketch/sketch/sketch.ino.cpp.o
                0x0000000000000ff0                arduino::msgpack::Unpacker::unpackInt8()
 .text._ZNK7arduino7msgpack8Unpacker13isTimestamp32Ev
                0x0000000000001038       0x2c /home/arduino/ArduinoApps/study-assistant/.cache/sketch/sketch/sketch.ino.cpp.o
                0x0000000000001038                arduino::msgpack::Unpacker::isTimestamp32() const
 .text._ZNK7arduino7msgpack8Unpacker13isTimestamp64Ev
                0x0000000000001064       0x2c /home/arduino/ArduinoApps/study-assistant/.cache/sketch/sketch/sketch.ino.cpp.o
                0x0000000000001064                arduino::msgpack::Unpacker::isTimestamp64() const
 .text._ZNK7arduino7msgpack8Unpacker13isTimestamp96Ev
                0x0000000000001090       0x40 /home/arduino/ArduinoApps/study-assistant/.cache/sketch/sketch/sketch.ino.cpp.o
                0x0000000000001090                arduino::msgpack::Unpacker::isTimestamp96() const
 .text._ZNK7arduino7msgpack8Unpacker11getRawBytesIcEET_jj
                0x00000000000010d0       0x1e /home/arduino/ArduinoApps/study-assistant/.cache/sketch/sketch/sketch.ino.cpp.o
                0x00000000000010d0                char arduino::msgpack::Unpacker::getRawBytes<char>(unsigned int, unsigned int) const
 *fill*         0x00000000000010ee        0x2 
 .text._ZN7arduino7msgpack8Unpacker11deserializeINS0_6object5nil_tEJEEEbRT_DpOT0_
                0x00000000000010f0       0x40 /home/arduino/ArduinoApps/study-assistant/.cache/sketch/sketch/sketch.ino.cpp.o
                0x00000000000010f0                bool arduino::msgpack::Unpacker::deserialize<arduino::msgpack::object::nil_t>(arduino::msgpack::object::nil_t&)
 .text._ZN7arduino7msgpack8Unpacker11deserializeIbJEEEbRT_DpOT0_
                0x0000000000001130       0x68 /home/arduino/ArduinoApps/study-assistant/.cache/sketch/sketch/sketch.ino.cpp.o
                0x0000000000001130                bool arduino::msgpack::Unpacker::deserialize<bool>(bool&)
 .text._ZN7arduino7msgpack8Unpacker11deserializeINS_6StringEJEEEbRT_DpOT0_
                0x0000000000001198      0x174 /home/arduino/ArduinoApps/study-assistant/.cache/sketch/sketch/sketch.ino.cpp.o
                0x0000000000001198                bool arduino::msgpack::Unpacker::deserialize<arduino::String>(arduino::String&)
 .text._ZN7arduino7msgpack8Unpacker11deserializeINS0_6object8timespecEJEEEbRT_DpOT0_
                0x000000000000130c       0xc4 /home/arduino/ArduinoApps/study-assistant/.cache/sketch/sketch/sketch.ino.cpp.o
                0x000000000000130c                bool arduino::msgpack::Unpacker::deserialize<arduino::msgpack::object::timespec>(arduino::msgpack::object::timespec&)
 .text._ZN17RpcDecoderManagerILj3EE10getDecoderER10ITransport
                0x00000000000013d0       0x74 /home/arduino/ArduinoApps/study-assistant/.cache/sketch/sketch/sketch.ino.cpp.o
                0x00000000000013d0                RpcDecoderManager<3u>::getDecoder(ITransport&)
 .text._ZNSt12_Vector_baseIjSaIjEED2Ev
                0x0000000000001444       0x18 /home/arduino/ArduinoApps/study-assistant/.cache/sketch/sketch/sketch.ino.cpp.o
                0x0000000000001444                std::_Vector_base<unsigned int, std::allocator<unsigned int> >::~_Vector_base()
                0x0000000000001444                std::_Vector_base<unsigned int, std::allocator<unsigned int> >::~_Vector_base()
 .text._ZN10RPCRequestILj256EED2Ev
                0x000000000000145c       0x2c /home/arduino/ArduinoApps/study-assistant/.cache/sketch/sketch/sketch.ino.cpp.o
                0x000000000000145c                RPCRequest<256u>::~RPCRequest()
                0x000000000000145c                RPCRequest<256u>::~RPCRequest()
 .text._ZNSt6vectorIjSaIjEE17_M_realloc_insertIJRjEEEvN9__gnu_cxx17__normal_iteratorIPjS1_EEDpOT_
                0x0000000000001488       0xdc /home/arduino/ArduinoApps/study-assistant/.cache/sketch/sketch/sketch.ino.cpp.o
                0x0000000000001488                void std::vector<unsigned int, std::allocator<unsigned int> >::_M_realloc_insert<unsigned int&>(__gnu_cxx::__normal_iterator<unsigned int*, std::vector<unsigned int, std::allocator<unsigned int> > >, unsigned int&)
 .text._ZN7arduino7msgpack8Unpacker4feedEPKhj
                0x0000000000001564       0x78 /home/arduino/ArduinoApps/study-assistant/.cache/sketch/sketch/sketch.ino.cpp.o
                0x0000000000001564                arduino::msgpack::Unpacker::feed(unsigned char const*, unsigned int)
 .text._ZN7RpcCallIJEE8setErrorEiN7arduino6StringE
                0x00000000000015dc       0x40 /home/arduino/ArduinoApps/study-assistant/.cache/sketch/sketch/sketch.ino.cpp.o
                0x00000000000015dc                RpcCall<>::setError(int, arduino::String)
 .text._ZN7RpcCallIJEEC2ERKN7arduino6StringEP9RPCClientP7k_mutexS8_
                0x000000000000161c       0x7c /home/arduino/ArduinoApps/study-assistant/.cache/sketch/sketch/sketch.ino.cpp.o
                0x000000000000161c                RpcCall<>::RpcCall(arduino::String const&, RPCClient*, k_mutex*, k_mutex*)
                0x000000000000161c                RpcCall<>::RpcCall(arduino::String const&, RPCClient*, k_mutex*, k_mutex*)
 .text._ZN7RpcCallIJEE6resultIbEEbRT_.part.0
                0x0000000000001698       0x34 /home/arduino/ArduinoApps/study-assistant/.cache/sketch/sketch/sketch.ino.cpp.o
 .text._ZN7RpcCallIJEE7isErrorEv
                0x00000000000016cc       0x34 /home/arduino/ArduinoApps/study-assistant/.cache/sketch/sketch/sketch.ino.cpp.o
                0x00000000000016cc                RpcCall<>::isError()
 .text._ZNKSt6vectorIhSaIhEE12_M_check_lenEjPKc
                0x0000000000001700       0x38 /home/arduino/ArduinoApps/study-assistant/.cache/sketch/sketch/sketch.ino.cpp.o
                0x0000000000001700                std::vector<unsigned char, std::allocator<unsigned char> >::_M_check_len(unsigned int, char const*) const
 .text._ZNSt6vectorIhSaIhEE12emplace_backIJhEEERhDpOT_.isra.0
                0x0000000000001738       0x90 /home/arduino/ArduinoApps/study-assistant/.cache/sketch/sketch/sketch.ino.cpp.o
 .text._ZN7arduino7msgpack6Packer11packRawByteERKNS0_4TypeE.isra.0
                0x00000000000017c8       0x18 /home/arduino/ArduinoApps/study-assistant/.cache/sketch/sketch/sketch.ino.cpp.o
 .text._ZN7arduino7msgpack6Packer7packNilEv
                0x00000000000017e0       0x18 /home/arduino/ArduinoApps/study-assistant/.cache/sketch/sketch/sketch.ino.cpp.o
                0x00000000000017e0                arduino::msgpack::Packer::packNil()
 .text._ZNSt6vectorIhSaIhEE12emplace_backIJRKhEEERhDpOT_.isra.0
                0x00000000000017f8       0x90 /home/arduino/ArduinoApps/study-assistant/.cache/sketch/sketch/sketch.ino.cpp.o
 .text._ZN7arduino7msgpack6Packer9packUInt8Eh
                0x0000000000001888       0x2c /home/arduino/ArduinoApps/study-assistant/.cache/sketch/sketch/sketch.ino.cpp.o
                0x0000000000001888                arduino::msgpack::Packer::packUInt8(unsigned char)
 .text._ZNSt6vectorIhSaIhEE12emplace_backIJRhEEES3_DpOT_.isra.0
                0x00000000000018b4       0x90 /home/arduino/ArduinoApps/study-assistant/.cache/sketch/sketch/sketch.ino.cpp.o
 .text._ZN7arduino7msgpack6Packer15packRawReversedIjEEvRKT_
                0x0000000000001944       0x1c /home/arduino/ArduinoApps/study-assistant/.cache/sketch/sketch/sketch.ino.cpp.o
                0x0000000000001944                void arduino::msgpack::Packer::packRawReversed<unsigned int>(unsigned int const&)
 .text._ZN7arduino7msgpack6Packer10packUInt32Ej
                0x0000000000001960       0x28 /home/arduino/ArduinoApps/study-assistant/.cache/sketch/sketch/sketch.ino.cpp.o
                0x0000000000001960                arduino::msgpack::Packer::packUInt32(unsigned int)
 .text._ZN7arduino7msgpack6Packer15packRawReversedItEEvRKT_
                0x0000000000001988       0x1c /home/arduino/ArduinoApps/study-assistant/.cache/sketch/sketch/sketch.ino.cpp.o
                0x0000000000001988                void arduino::msgpack::Packer::packRawReversed<unsigned short>(unsigned short const&)
 .text._ZN7arduino7msgpack6Packer13packArraySizeEj
                0x00000000000019a4       0x58 /home/arduino/ArduinoApps/study-assistant/.cache/sketch/sketch/sketch.ino.cpp.o
                0x00000000000019a4                arduino::msgpack::Packer::packArraySize(unsigned int)
 .text._ZN7arduino7msgpack6Packer10packUInt16Et
                0x00000000000019fc       0x2c /home/arduino/ArduinoApps/study-assistant/.cache/sketch/sketch/sketch.ino.cpp.o
                0x00000000000019fc                arduino::msgpack::Packer::packUInt16(unsigned short)
 .text._ZN7arduino7msgpack6Packer11packIntegerIjEENSt9enable_ifIXaaaaaasrSt13is_arithmeticIT_E5valuesrSt11is_integralIS5_E5valuentsrSt7is_sameIS5_bE5valuentsrS9_INSt9remove_cvIS5_E4typeEPcE5valueEvE4typeERKS5_.isra.0
                0x0000000000001a28       0x50 /home/arduino/ArduinoApps/study-assistant/.cache/sketch/sketch/sketch.ino.cpp.o
 .text._ZN7arduino7msgpack6Packer11packIntegerIiEENSt9enable_ifIXaaaaaasrSt13is_arithmeticIT_E5valuesrSt11is_integralIS5_E5valuentsrSt7is_sameIS5_bE5valuentsrS9_INSt9remove_cvIS5_E4typeEPcE5valueEvE4typeERKS5_.isra.0
                0x0000000000001a78       0xb8 /home/arduino/ArduinoApps/study-assistant/.cache/sketch/sketch/sketch.ino.cpp.o
 .text._ZN7arduino7msgpack6Packer12packRawBytesEPKcj
                0x0000000000001b30       0x9c /home/arduino/ArduinoApps/study-assistant/.cache/sketch/sketch/sketch.ino.cpp.o
                0x0000000000001b30                arduino::msgpack::Packer::packRawBytes(char const*, unsigned int)
 .text._ZN7arduino7msgpack6Packer4packERKNS_6StringE
                0x0000000000001bcc       0x7c /home/arduino/ArduinoApps/study-assistant/.cache/sketch/sketch/sketch.ino.cpp.o
                0x0000000000001bcc                arduino::msgpack::Packer::pack(arduino::String const&)
 .text._ZN7arduino7msgpack6Packer9serializeI8RpcErrorJRNS0_6object5nil_tEEEENSt9enable_ifIXoooontsrSt10is_pointerIT_E5valuesrSt7is_sameIS9_PKcE5valuesrSB_IS9_PKNS_19__FlashStringHelperEE5valueEvE4typeERKS9_DpOT0_.isra.0
                0x0000000000001c48       0x38 /home/arduino/ArduinoApps/study-assistant/.cache/sketch/sketch/sketch.ino.cpp.o
 .text._ZN18RpcFunctionWrapperISt8functionIFvbEEEclERN7arduino7msgpack8UnpackerERNS5_6PackerE
                0x0000000000001c80      0x12c /home/arduino/ArduinoApps/study-assistant/.cache/sketch/sketch/sketch.ino.cpp.o
                0x0000000000001c80                RpcFunctionWrapper<std::function<void (bool)> >::operator()(arduino::msgpack::Unpacker&, arduino::msgpack::Packer&)
 .text._ZN7arduino7msgpack8Unpacker9unpackIntIiEENSt9enable_ifIXaaaaaaaasrSt13is_arithmeticIT_E5valuesrSt11is_integralIS5_E5valuentsrSt7is_sameIS5_bE5valuentsrS9_INSt9remove_cvIS5_E4typeEPcE5valuesrSt9is_signedIS5_E5valueES5_E4typeEv
                0x0000000000001dac       0xd0 /home/arduino/ArduinoApps/study-assistant/.cache/sketch/sketch/sketch.ino.cpp.o
                0x0000000000001dac                std::enable_if<(((std::is_arithmetic<int>::value&&std::is_integral<int>::value)&&(!std::is_same<int, bool>::value))&&(!std::is_same<std::remove_cv<int>::type, char*>::value))&&std::is_signed<int>::value, int>::type arduino::msgpack::Unpacker::unpackInt<int>()
 .text._ZN7arduino7msgpack8Unpacker11deserializeIiJEEEbRT_DpOT0_
                0x0000000000001e7c       0x40 /home/arduino/ArduinoApps/study-assistant/.cache/sketch/sketch/sketch.ino.cpp.o
                0x0000000000001e7c                bool arduino::msgpack::Unpacker::deserialize<int>(int&)
 .text._ZN7arduino7msgpack8Unpacker11unpackFloatIfEENSt9enable_ifIXaasrSt13is_arithmeticIT_E5valuesrSt17is_floating_pointIS5_E5valueES5_E4typeEv
                0x0000000000001ebc      0x118 /home/arduino/ArduinoApps/study-assistant/.cache/sketch/sketch/sketch.ino.cpp.o
                0x0000000000001ebc                std::enable_if<std::is_arithmetic<float>::value&&std::is_floating_point<float>::value, float>::type arduino::msgpack::Unpacker::unpackFloat<float>()
 *fill*         0x0000000000001fd4        0x4 
 .text._ZN7arduino7msgpack8Unpacker11unpackFloatIdEENSt9enable_ifIXaasrSt13is_arithmeticIT_E5valuesrSt17is_floating_pointIS5_E5valueES5_E4typeEv
                0x0000000000001fd8      0x118 /home/arduino/ArduinoApps/study-assistant/.cache/sketch/sketch/sketch.ino.cpp.o
                0x0000000000001fd8                std::enable_if<std::is_arithmetic<double>::value&&std::is_floating_point<double>::value, double>::type arduino::msgpack::Unpacker::unpackFloat<double>()
 .text._ZN7arduino7msgpack8Unpacker12unpackBinaryIhEENSt9enable_ifIXoosrSt7is_sameIT_cE5valuesrS4_IS5_hE5valueESt6vectorINS3_IXoosrS7_5valuesrS6_5valueES5_E4typeESaIS5_EEE4typeEv
                0x00000000000020f0      0x114 /home/arduino/ArduinoApps/study-assistant/.cache/sketch/sketch/sketch.ino.cpp.o
                0x00000000000020f0                std::enable_if<std::is_same<unsigned char, char>::value||std::is_same<unsigned char, unsigned char>::value, std::vector<std::enable_if<std::is_same<unsigned char, unsigned char>::value||std::is_same<unsigned char, char>::value, unsigned char>::type, std::allocator<unsigned char> > >::type arduino::msgpack::Unpacker::unpackBinary<unsigned char>()
 .text._ZN7arduino7msgpack8Unpacker11deserializeINS0_4type9ArraySizeEJRiEEEbRT_DpOT0_
                0x0000000000002204       0x44 /home/arduino/ArduinoApps/study-assistant/.cache/sketch/sketch/sketch.ino.cpp.o
                0x0000000000002204                bool arduino::msgpack::Unpacker::deserialize<arduino::msgpack::type::ArraySize, int&>(arduino::msgpack::type::ArraySize&, int&)
 .text._ZNK10RpcDecoderILj1024EE4sendEPKhj
                0x0000000000002248       0x22 /home/arduino/ArduinoApps/study-assistant/.cache/sketch/sketch/sketch.ino.cpp.o
                0x0000000000002248                RpcDecoder<1024u>::send(unsigned char const*, unsigned int) const
 *fill*         0x000000000000226a        0x2 
 .text._ZN9RPCClient8send_rpcIJEEEbRKN7arduino6StringERjDpOT_.isra.0
                0x000000000000226c       0x8c /home/arduino/ArduinoApps/study-assistant/.cache/sketch/sketch/sketch.ino.cpp.o
 .text._ZN9RPCClient8send_rpcIJRKN7arduino6StringEEEEbS4_RjDpOT_.isra.0
                0x00000000000022f8       0x90 /home/arduino/ArduinoApps/study-assistant/.cache/sketch/sketch/sketch.ino.cpp.o
 .text._ZN11BridgeClass6notifyIJiEEEvN7arduino6StringEDpOT_
                0x0000000000002388       0xac /home/arduino/ArduinoApps/study-assistant/.cache/sketch/sketch/sketch.ino.cpp.o
                0x0000000000002388                void BridgeClass::notify<int>(arduino::String, int&&)
 .text._ZNK9RPCServer13send_responseILj256EEEbRK10RPCRequestIXT_EE.isra.0
                0x0000000000002434       0x24 /home/arduino/ArduinoApps/study-assistant/.cache/sketch/sketch/sketch.ino.cpp.o
 .text._ZN7RpcCallIJRKN7arduino6StringEEE8setErrorEiS1_
                0x0000000000002458       0x40 /home/arduino/ArduinoApps/study-assistant/.cache/sketch/sketch/sketch.ino.cpp.o
                0x0000000000002458                RpcCall<arduino::String const&>::setError(int, arduino::String)
 .text._ZN7RpcCallIJRKN7arduino6StringEEE7isErrorEv
                0x0000000000002498       0x34 /home/arduino/ArduinoApps/study-assistant/.cache/sketch/sketch/sketch.ino.cpp.o
                0x0000000000002498                RpcCall<arduino::String const&>::isError()
 .text._ZN10RpcDecoderILj1024EE7consumeEjj
                0x00000000000024cc       0x36 /home/arduino/ArduinoApps/study-assistant/.cache/sketch/sketch/sketch.ino.cpp.o
                0x00000000000024cc                RpcDecoder<1024u>::consume(unsigned int, unsigned int)
 *fill*         0x0000000000002502        0x2 
 .text._ZN10RpcDecoderILj1024EE7discardEv
                0x0000000000002504       0x2c /home/arduino/ArduinoApps/study-assistant/.cache/sketch/sketch/sketch.ino.cpp.o
                0x0000000000002504                RpcDecoder<1024u>::discard()
 .text._ZN7arduino7msgpack8Unpacker11deserializeI8RpcErrorJRNS0_6object5nil_tEEEEbRT_DpOT0_
                0x0000000000002530       0x90 /home/arduino/ArduinoApps/study-assistant/.cache/sketch/sketch/sketch.ino.cpp.o
                0x0000000000002530                bool arduino::msgpack::Unpacker::deserialize<RpcError, arduino::msgpack::object::nil_t&>(RpcError&, arduino::msgpack::object::nil_t&)
 .text._Z4wrapIRFvbESt8functionIS0_EEP18RpcFunctionWrapperIT0_EOT_
                0x00000000000025c0       0x6c /home/arduino/ArduinoApps/study-assistant/.cache/sketch/sketch/sketch.ino.cpp.o
                0x00000000000025c0                RpcFunctionWrapper<std::function<void (bool)> >* wrap<void (&)(bool), std::function<void (bool)> >(void (&)(bool))
 .text._ZN7arduino7msgpack8Unpacker10unpackUIntIjEENSt9enable_ifIXaaaaaaaasrSt13is_arithmeticIT_E5valuesrSt11is_integralIS5_E5valuentsrSt7is_sameIS5_bE5valuentsrS9_INSt9remove_cvIS5_E4typeEPcE5valuentsrSt9is_signedIS5_E5valueES5_E4typeEv
                0x000000000000262c       0x80 /home/arduino/ArduinoApps/study-assistant/.cache/sketch/sketch/sketch.ino.cpp.o
                0x000000000000262c                std::enable_if<(((std::is_arithmetic<unsigned int>::value&&std::is_integral<unsigned int>::value)&&(!std::is_same<unsigned int, bool>::value))&&(!std::is_same<std::remove_cv<unsigned int>::type, char*>::value))&&(!std::is_signed<unsigned int>::value), unsigned int>::type arduino::msgpack::Unpacker::unpackUInt<unsigned int>()
 .text._ZN7arduino7msgpack8Unpacker11deserializeIjJRNS_6StringEEEEbRT_DpOT0_
                0x00000000000026ac       0x44 /home/arduino/ArduinoApps/study-assistant/.cache/sketch/sketch/sketch.ino.cpp.o
                0x00000000000026ac                bool arduino::msgpack::Unpacker::deserialize<unsigned int, arduino::String&>(unsigned int&, arduino::String&)
 .text._ZN10RpcDecoderILj1024EE16fetch_rpc_methodEv
                0x00000000000026f0       0xe8 /home/arduino/ArduinoApps/study-assistant/.cache/sketch/sketch/sketch.ino.cpp.o
                0x00000000000026f0                RpcDecoder<1024u>::fetch_rpc_method()
 .text._ZN10RPCRequestILj256EE22unpack_request_headersEv
                0x00000000000027d8       0xb8 /home/arduino/ArduinoApps/study-assistant/.cache/sketch/sketch/sketch.ino.cpp.o
                0x00000000000027d8                RPCRequest<256u>::unpack_request_headers()
 .text._ZN9RPCServer15process_requestILj256EEEvR10RPCRequestIXT_EE
                0x0000000000002890      0x114 /home/arduino/ArduinoApps/study-assistant/.cache/sketch/sketch/sketch.ino.cpp.o
                0x0000000000002890                void RPCServer::process_request<256u>(RPCRequest<256u>&)
 .text._ZN7arduino7msgpack8Unpacker11deserializeINS0_4type9ArraySizeEJRiRjEEEbRT_DpOT0_
                0x00000000000029a4       0xa0 /home/arduino/ArduinoApps/study-assistant/.cache/sketch/sketch/sketch.ino.cpp.o
                0x00000000000029a4                bool arduino::msgpack::Unpacker::deserialize<arduino::msgpack::type::ArraySize, int&, unsigned int&>(arduino::msgpack::type::ArraySize&, int&, unsigned int&)
 .text._ZN10RpcDecoderILj1024EE12get_responseIbEEbjRT_R8RpcError
                0x0000000000002a44      0x168 /home/arduino/ArduinoApps/study-assistant/.cache/sketch/sketch/sketch.ino.cpp.o
                0x0000000000002a44                bool RpcDecoder<1024u>::get_response<bool>(unsigned int, bool&, RpcError&)
 .text._ZN10RpcDecoderILj1024EE12get_responseIN7arduino6StringEEEbjRT_R8RpcError
                0x0000000000002bac      0x168 /home/arduino/ArduinoApps/study-assistant/.cache/sketch/sketch/sketch.ino.cpp.o
                0x0000000000002bac                bool RpcDecoder<1024u>::get_response<arduino::String>(unsigned int, arduino::String&, RpcError&)
 .text._ZN10RpcDecoderILj1024EE12get_responseIN7arduino7msgpack6object5nil_tEEEbjRT_R8RpcError
                0x0000000000002d14      0x168 /home/arduino/ArduinoApps/study-assistant/.cache/sketch/sketch/sketch.ino.cpp.o
                0x0000000000002d14                bool RpcDecoder<1024u>::get_response<arduino::msgpack::object::nil_t>(unsigned int, arduino::msgpack::object::nil_t&, RpcError&)
 .text._ZNSt11__copy_moveILb0ELb1ESt26random_access_iterator_tagE8__copy_mIhEEPT_PKS3_S6_S4_
                0x0000000000002e7c       0x1c /home/arduino/ArduinoApps/study-assistant/.cache/sketch/sketch/sketch.ino.cpp.o
                0x0000000000002e7c                unsigned char* std::__copy_move<false, true, std::random_access_iterator_tag>::__copy_m<unsigned char>(unsigned char const*, unsigned char const*, unsigned char*)
 .text._ZNSt11__copy_moveILb1ELb1ESt26random_access_iterator_tagE8__copy_mIhEEPT_PKS3_S6_S4_
                0x0000000000002e98       0x1c /home/arduino/ArduinoApps/study-assistant/.cache/sketch/sketch/sketch.ino.cpp.o
                0x0000000000002e98                unsigned char* std::__copy_move<true, true, std::random_access_iterator_tag>::__copy_m<unsigned char>(unsigned char const*, unsigned char const*, unsigned char*)
 .text._ZN7arduino7msgpack6object3extC2EaPKhj
                0x0000000000002eb4      0x104 /home/arduino/ArduinoApps/study-assistant/.cache/sketch/sketch/sketch.ino.cpp.o
                0x0000000000002eb4                arduino::msgpack::object::ext::ext(signed char, unsigned char const*, unsigned int)
                0x0000000000002eb4                arduino::msgpack::object::ext::ext(signed char, unsigned char const*, unsigned int)
 .text._ZN7arduino7msgpack8Unpacker9unpackExtEv
                0x0000000000002fb8      0x178 /home/arduino/ArduinoApps/study-assistant/.cache/sketch/sketch/sketch.ino.cpp.o
                0x0000000000002fb8                arduino::msgpack::Unpacker::unpackExt()
 .text._ZN8RpcUtils6detail12unpackObjectERN7arduino7msgpack8UnpackerE
                0x0000000000003130      0x2b4 /home/arduino/ArduinoApps/study-assistant/.cache/sketch/sketch/sketch.ino.cpp.o
                0x0000000000003130                RpcUtils::detail::unpackObject(arduino::msgpack::Unpacker&)
 .text._ZN10RpcDecoderILj1024EE12parse_packetEv
                0x00000000000033e4       0xf8 /home/arduino/ArduinoApps/study-assistant/.cache/sketch/sketch/sketch.ino.cpp.o
                0x00000000000033e4                RpcDecoder<1024u>::parse_packet()
 .text._ZN10RpcDecoderILj1024EE6decodeEv
                0x00000000000034dc       0x40 /home/arduino/ArduinoApps/study-assistant/.cache/sketch/sketch/sketch.ino.cpp.o
                0x00000000000034dc                RpcDecoder<1024u>::decode()
 .text._ZN9RPCServer7get_rpcILj256EEEbR10RPCRequestIXT_EEN7arduino6StringE
                0x000000000000351c       0xc4 /home/arduino/ArduinoApps/study-assistant/.cache/sketch/sketch/sketch.ino.cpp.o
                0x000000000000351c                bool RPCServer::get_rpc<256u>(RPCRequest<256u>&, arduino::String)
 .text._ZN11BridgeClass11update_safeEv
                0x00000000000035e0       0xb0 /home/arduino/ArduinoApps/study-assistant/.cache/sketch/sketch/sketch.ino.cpp.o
                0x00000000000035e0                BridgeClass::update_safe()
 .text._Z10__loopHookv
                0x0000000000003690       0x28 /home/arduino/ArduinoApps/study-assistant/.cache/sketch/sketch/sketch.ino.cpp.o
                0x0000000000003690                __loopHook()
 .text._ZN11BridgeClass6updateEv
                0x00000000000036b8       0xb0 /home/arduino/ArduinoApps/study-assistant/.cache/sketch/sketch/sketch.ino.cpp.o
                0x00000000000036b8                BridgeClass::update()
 .text._Z16updateEntryPointPvS_S_
                0x0000000000003768       0x28 /home/arduino/ArduinoApps/study-assistant/.cache/sketch/sketch/sketch.ino.cpp.o
                0x0000000000003768                updateEntryPoint(void*, void*, void*)
 .text._ZN9RPCClient12get_responseIbEEbjRT_R8RpcError
                0x0000000000003790       0x40 /home/arduino/ArduinoApps/study-assistant/.cache/sketch/sketch/sketch.ino.cpp.o
                0x0000000000003790                bool RPCClient::get_response<bool>(unsigned int, bool&, RpcError&)
 .text._ZN7RpcCallIJEE6resultIbEEbRT_
                0x00000000000037d0       0xf4 /home/arduino/ArduinoApps/study-assistant/.cache/sketch/sketch/sketch.ino.cpp.o
                0x00000000000037d0                bool RpcCall<>::result<bool>(bool&)
 .text._ZN7RpcCallIJRKN7arduino6StringEEE6resultIbEEbRT_
                0x00000000000038c4      0x118 /home/arduino/ArduinoApps/study-assistant/.cache/sketch/sketch/sketch.ino.cpp.o
                0x00000000000038c4                bool RpcCall<arduino::String const&>::result<bool>(bool&)
 .text._ZN9RPCClient12get_responseIN7arduino7msgpack6object5nil_tEEEbjRT_R8RpcError
                0x00000000000039dc       0x40 /home/arduino/ArduinoApps/study-assistant/.cache/sketch/sketch/sketch.ino.cpp.o
                0x00000000000039dc                bool RPCClient::get_response<arduino::msgpack::object::nil_t>(unsigned int, arduino::msgpack::object::nil_t&, RpcError&)
 .text._ZN7RpcCallIJEED2Ev
                0x0000000000003a1c       0xfc /home/arduino/ArduinoApps/study-assistant/.cache/sketch/sketch/sketch.ino.cpp.o
                0x0000000000003a1c                RpcCall<>::~RpcCall()
                0x0000000000003a1c                RpcCall<>::~RpcCall()
 .text._ZN11BridgeClass5beginEm
                0x0000000000003b18      0x1e0 /home/arduino/ArduinoApps/study-assistant/.cache/sketch/sketch/sketch.ino.cpp.o
                0x0000000000003b18                BridgeClass::begin(unsigned long)
 .text._ZN7RpcCallIJEE6resultIN7arduino6StringEEEbRT_
                0x0000000000003cf8      0x114 /home/arduino/ArduinoApps/study-assistant/.cache/sketch/sketch/sketch.ino.cpp.o
                0x0000000000003cf8                bool RpcCall<>::result<arduino::String>(arduino::String&)
 .text._ZN8RpcUtils6detail9unpackMapERN7arduino7msgpack8UnpackerERj
                0x0000000000003e0c       0x80 /home/arduino/ArduinoApps/study-assistant/.cache/sketch/sketch/sketch.ino.cpp.o
                0x0000000000003e0c                RpcUtils::detail::unpackMap(arduino::msgpack::Unpacker&, unsigned int&)
 .text._GLOBAL__sub_I_matrix
                0x0000000000003e8c      0x110 /home/arduino/ArduinoApps/study-assistant/.cache/sketch/sketch/sketch.ino.cpp.o
 .text._GLOBAL__sub_D_matrix
                0x0000000000003f9c       0x3c /home/arduino/ArduinoApps/study-assistant/.cache/sketch/sketch/sketch.ino.cpp.o
 .text._ZN18Arduino_LED_Matrix15textScrollSpeedEm
                0x0000000000003fd8       0x14 /home/arduino/ArduinoApps/study-assistant/.cache/sketch/sketch/sketch.ino.cpp.o
                0x0000000000003fd8                Arduino_LED_Matrix::textScrollSpeed(unsigned long)
 .text._ZN18Arduino_LED_Matrix7endTextEi
                0x0000000000003fec       0x30 /home/arduino/ArduinoApps/study-assistant/.cache/sketch/sketch/sketch.ino.cpp.o
                0x0000000000003fec                Arduino_LED_Matrix::endText(int)
 .text._ZN18Arduino_LED_Matrix7endDrawEv
                0x000000000000401c       0x5c /home/arduino/ArduinoApps/study-assistant/.cache/sketch/sketch/sketch.ino.cpp.o
                0x000000000000401c                Arduino_LED_Matrix::endDraw()
 .text.setup    0x0000000000004078      0x468 /home/arduino/ArduinoApps/study-assistant/.cache/sketch/sketch/sketch.ino.cpp.o
                0x0000000000004078                setup
 .text._ZN7arduino9ZephyrI2C5writeEi
                0x00000000000044e0        0x8 /home/arduino/ArduinoApps/study-assistant/.cache/sketch/libraries/Wire/Wire.cpp.o
                0x00000000000044e0                arduino::ZephyrI2C::write(int)
 .text._ZN7arduino9ZephyrI2C15endTransmissionEv
                0x00000000000044e8        0x8 /home/arduino/ArduinoApps/study-assistant/.cache/sketch/libraries/Wire/Wire.cpp.o
                0x00000000000044e8                arduino::ZephyrI2C::endTransmission()
 .text._ZN7arduino9ZephyrI2C11requestFromEhj
                0x00000000000044f0       0x10 /home/arduino/ArduinoApps/study-assistant/.cache/sketch/libraries/Wire/Wire.cpp.o
                0x00000000000044f0                arduino::ZephyrI2C::requestFrom(unsigned char, unsigned int)
 .text._ZN7arduino9ZephyrI2C9availableEv
                0x0000000000004500        0xe /home/arduino/ArduinoApps/study-assistant/.cache/sketch/libraries/Wire/Wire.cpp.o
                0x0000000000004500                arduino::ZephyrI2C::available()
 .text._ZN7arduino9ZephyrI2C5flushEv
                0x000000000000450e        0x2 /home/arduino/ArduinoApps/study-assistant/.cache/sketch/libraries/Wire/Wire.cpp.o
                0x000000000000450e                arduino::ZephyrI2C::flush()
 .text._ZN7arduino9ZephyrI2C9onReceiveEPFviE
                0x0000000000004510        0x6 /home/arduino/ArduinoApps/study-assistant/.cache/sketch/libraries/Wire/Wire.cpp.o
                0x0000000000004510                arduino::ZephyrI2C::onReceive(void (*)(int))
 .text._ZN7arduino9ZephyrI2C9onRequestEPFvvE
                0x0000000000004516        0x6 /home/arduino/ArduinoApps/study-assistant/.cache/sketch/libraries/Wire/Wire.cpp.o
                0x0000000000004516                arduino::ZephyrI2C::onRequest(void (*)())
 .text._ZN7arduino9ZephyrI2C5beginEv
                0x000000000000451c        0xc /home/arduino/ArduinoApps/study-assistant/.cache/sketch/libraries/Wire/Wire.cpp.o
                0x000000000000451c                arduino::ZephyrI2C::begin()
 .text._ZN7arduino9ZephyrI2C5writeEh
                0x0000000000004528       0x1c /home/arduino/ArduinoApps/study-assistant/.cache/sketch/libraries/Wire/Wire.cpp.o
                0x0000000000004528                arduino::ZephyrI2C::write(unsigned char)
 .text._ZN7arduino9ZephyrI2C5writeEPKhj
                0x0000000000004544        0xc /home/arduino/ArduinoApps/study-assistant/.cache/sketch/libraries/Wire/Wire.cpp.o
                0x0000000000004544                arduino::ZephyrI2C::write(unsigned char const*, unsigned int)
 .text._ZN7arduino9ZephyrI2C4readEv
                0x0000000000004550       0x28 /home/arduino/ArduinoApps/study-assistant/.cache/sketch/libraries/Wire/Wire.cpp.o
                0x0000000000004550                arduino::ZephyrI2C::read()
 .text._ZL28i2c_target_read_processed_cbP17i2c_target_configPh
                0x0000000000004578       0x18 /home/arduino/ArduinoApps/study-assistant/.cache/sketch/libraries/Wire/Wire.cpp.o
 .text._ZN7arduino9ZephyrI2C4peekEv
                0x0000000000004590       0x28 /home/arduino/ArduinoApps/study-assistant/.cache/sketch/libraries/Wire/Wire.cpp.o
                0x0000000000004590                arduino::ZephyrI2C::peek()
 .text._ZN7arduino9ZephyrI2C5beginEh
                0x00000000000045b8       0x2c /home/arduino/ArduinoApps/study-assistant/.cache/sketch/libraries/Wire/Wire.cpp.o
                0x00000000000045b8                arduino::ZephyrI2C::begin(unsigned char)
 .text._ZN7arduino9ZephyrI2C8setClockEj
                0x00000000000045e4       0x3c /home/arduino/ArduinoApps/study-assistant/.cache/sketch/libraries/Wire/Wire.cpp.o
                0x00000000000045e4                arduino::ZephyrI2C::setClock(unsigned int)
 .text._ZN7arduino9ZephyrI2C11requestFromEhjb
                0x0000000000004620       0x88 /home/arduino/ArduinoApps/study-assistant/.cache/sketch/libraries/Wire/Wire.cpp.o
                0x0000000000004620                arduino::ZephyrI2C::requestFrom(unsigned char, unsigned int, bool)
 .text._ZN7arduino9ZephyrI2C3endEv
                0x00000000000046a8       0x34 /home/arduino/ArduinoApps/study-assistant/.cache/sketch/libraries/Wire/Wire.cpp.o
                0x00000000000046a8                arduino::ZephyrI2C::end()
 .text._ZN7arduino9ZephyrI2C15endTransmissionEb
                0x00000000000046dc       0x74 /home/arduino/ArduinoApps/study-assistant/.cache/sketch/libraries/Wire/Wire.cpp.o
                0x00000000000046dc                arduino::ZephyrI2C::endTransmission(bool)
 .text._ZL29i2c_target_write_requested_cbP17i2c_target_config
                0x0000000000004750        0xe /home/arduino/ArduinoApps/study-assistant/.cache/sketch/libraries/Wire/Wire.cpp.o
 .text._ZN7arduino9ZephyrI2C17beginTransmissionEh
                0x000000000000475e       0x14 /home/arduino/ArduinoApps/study-assistant/.cache/sketch/libraries/Wire/Wire.cpp.o
                0x000000000000475e                arduino::ZephyrI2C::beginTransmission(unsigned char)
 *fill*         0x0000000000004772        0x2 
 .text._ZN7arduino9ZephyrI2CC2EPK6device
                0x0000000000004774       0x4c /home/arduino/ArduinoApps/study-assistant/.cache/sketch/libraries/Wire/Wire.cpp.o
                0x0000000000004774                arduino::ZephyrI2C::ZephyrI2C(device const*)
                0x0000000000004774                arduino::ZephyrI2C::ZephyrI2C(device const*)
 .text._ZN7arduino9ZephyrI2C21writeReceivedCallbackEP17i2c_target_configh
                0x00000000000047c0       0x44 /home/arduino/ArduinoApps/study-assistant/.cache/sketch/libraries/Wire/Wire.cpp.o
                0x00000000000047c0                arduino::ZephyrI2C::writeReceivedCallback(i2c_target_config*, unsigned char)
 .text._ZL28i2c_target_write_received_cbP17i2c_target_configh
                0x0000000000004804       0x10 /home/arduino/ArduinoApps/study-assistant/.cache/sketch/libraries/Wire/Wire.cpp.o
 .text._ZN7arduino9ZephyrI2C21readRequestedCallbackEP17i2c_target_configPh
                0x0000000000004814       0x30 /home/arduino/ArduinoApps/study-assistant/.cache/sketch/libraries/Wire/Wire.cpp.o
                0x0000000000004814                arduino::ZephyrI2C::readRequestedCallback(i2c_target_config*, unsigned char*)
 .text._ZL28i2c_target_read_requested_cbP17i2c_target_configPh
                0x0000000000004844       0x10 /home/arduino/ArduinoApps/study-assistant/.cache/sketch/libraries/Wire/Wire.cpp.o
 .text._ZN7arduino9ZephyrI2C12stopCallbackEP17i2c_target_config
                0x0000000000004854       0x1c /home/arduino/ArduinoApps/study-assistant/.cache/sketch/libraries/Wire/Wire.cpp.o
                0x0000000000004854                arduino::ZephyrI2C::stopCallback(i2c_target_config*)
 .text._ZL18i2c_target_stop_cbP17i2c_target_config
                0x0000000000004870        0xc /home/arduino/ArduinoApps/study-assistant/.cache/sketch/libraries/Wire/Wire.cpp.o
 .text._GLOBAL__sub_I__ZN7arduino9ZephyrI2CC2EPK6device
                0x000000000000487c       0x94 /home/arduino/ArduinoApps/study-assistant/.cache/sketch/libraries/Wire/Wire.cpp.o
 .text._GLOBAL__sub_D__ZN7arduino9ZephyrI2CC2EPK6device
                0x0000000000004910       0x2c /home/arduino/ArduinoApps/study-assistant/.cache/sketch/libraries/Wire/Wire.cpp.o
 .text._ZN7arduino9ZephyrSPI14usingInterruptEi
                0x000000000000493c        0x2 /home/arduino/ArduinoApps/study-assistant/.cache/sketch/libraries/SPI/SPI.cpp.o
                0x000000000000493c                arduino::ZephyrSPI::notUsingInterrupt(int)
                0x000000000000493c                arduino::ZephyrSPI::usingInterrupt(int)
 .text._ZN7arduino9ZephyrSPI15attachInterruptEv
                0x000000000000493e        0x2 /home/arduino/ArduinoApps/study-assistant/.cache/sketch/libraries/SPI/SPI.cpp.o
                0x000000000000493e                arduino::ZephyrSPI::attachInterrupt()
                0x000000000000493e                arduino::ZephyrSPI::detachInterrupt()
 .text._ZN7arduino9ZephyrSPID2Ev
                0x0000000000004940        0x2 /home/arduino/ArduinoApps/study-assistant/.cache/sketch/libraries/SPI/SPI.cpp.o
                0x0000000000004940                arduino::ZephyrSPI::~ZephyrSPI()
                0x0000000000004940                arduino::ZephyrSPI::~ZephyrSPI()
 *fill*         0x0000000000004942        0x2 
 .text._ZN7arduino9ZephyrSPID0Ev
                0x0000000000004944       0x14 /home/arduino/ArduinoApps/study-assistant/.cache/sketch/libraries/SPI/SPI.cpp.o
                0x0000000000004944                arduino::ZephyrSPI::~ZephyrSPI()
 .text._ZN7arduino9ZephyrSPI16beginTransactionENS_11SPISettingsE
                0x0000000000004958       0x80 /home/arduino/ArduinoApps/study-assistant/.cache/sketch/libraries/SPI/SPI.cpp.o
                0x0000000000004958                arduino::ZephyrSPI::beginTransaction(arduino::SPISettings)
 .text._ZN7arduino9ZephyrSPI5beginEv
                0x00000000000049d8        0xc /home/arduino/ArduinoApps/study-assistant/.cache/sketch/libraries/SPI/SPI.cpp.o
                0x00000000000049d8                arduino::ZephyrSPI::begin()
 .text._ZN7arduino9ZephyrSPI14endTransactionEv
                0x00000000000049e4        0xc /home/arduino/ArduinoApps/study-assistant/.cache/sketch/libraries/SPI/SPI.cpp.o
                0x00000000000049e4                arduino::ZephyrSPI::endTransaction()
 .text._ZN7arduino9ZephyrSPI3endEv
                0x00000000000049f0        0xc /home/arduino/ArduinoApps/study-assistant/.cache/sketch/libraries/SPI/SPI.cpp.o
                0x00000000000049f0                arduino::ZephyrSPI::end()
 .text._ZN7arduino9ZephyrSPI8transferEPvjPK10spi_config
                0x00000000000049fc       0x2e /home/arduino/ArduinoApps/study-assistant/.cache/sketch/libraries/SPI/SPI.cpp.o
                0x00000000000049fc                arduino::ZephyrSPI::transfer(void*, unsigned int, spi_config const*)
 *fill*         0x0000000000004a2a        0x2 
 .text._ZN7arduino9ZephyrSPI8transferEh
                0x0000000000004a2c       0x28 /home/arduino/ArduinoApps/study-assistant/.cache/sketch/libraries/SPI/SPI.cpp.o
                0x0000000000004a2c                arduino::ZephyrSPI::transfer(unsigned char)
 .text._ZN7arduino9ZephyrSPI10transfer16Et
                0x0000000000004a54       0x28 /home/arduino/ArduinoApps/study-assistant/.cache/sketch/libraries/SPI/SPI.cpp.o
                0x0000000000004a54                arduino::ZephyrSPI::transfer16(unsigned short)
 .text._ZN7arduino9ZephyrSPI8transferEPvj
                0x0000000000004a7c       0x14 /home/arduino/ArduinoApps/study-assistant/.cache/sketch/libraries/SPI/SPI.cpp.o
                0x0000000000004a7c                arduino::ZephyrSPI::transfer(void*, unsigned int)
 .text._GLOBAL__sub_I__ZN7arduino9ZephyrSPIC2EPK6device
                0x0000000000004a90       0x94 /home/arduino/ArduinoApps/study-assistant/.cache/sketch/libraries/SPI/SPI.cpp.o
 .text._GLOBAL__sub_D__ZN7arduino9ZephyrSPIC2EPK6device
                0x0000000000004b24       0x2c /home/arduino/ArduinoApps/study-assistant/.cache/sketch/libraries/SPI/SPI.cpp.o
 .text._ZN7arduino5Print5flushEv
                0x0000000000004b50        0x2 /home/arduino/ArduinoApps/study-assistant/.cache/sketch/libraries/Arduino_RouterBridge/singletons.cpp.o
                0x0000000000004b50                arduino::Print::flush()
 .text._ZN13BridgeMonitorILj512EE5writeEh
                0x0000000000004b52       0x18 /home/arduino/ArduinoApps/study-assistant/.cache/sketch/libraries/Arduino_RouterBridge/singletons.cpp.o
                0x0000000000004b52                BridgeMonitor<512u>::write(unsigned char)
 *fill*         0x0000000000004b6a        0x2 
 .text.k_yield  0x0000000000004b6c        0x8 /home/arduino/ArduinoApps/study-assistant/.cache/sketch/libraries/Arduino_RouterBridge/singletons.cpp.o
 .text.k_mutex_lock
                0x0000000000004b74        0x8 /home/arduino/ArduinoApps/study-assistant/.cache/sketch/libraries/Arduino_RouterBridge/singletons.cpp.o
 .text._ZSt14__relocate_a_1IhhENSt9enable_ifIXsrSt24__is_bitwise_relocatableIT_vE5valueEPS2_E4typeES4_S4_S4_RSaIT0_E.isra.0
                0x0000000000004b7c       0x20 /home/arduino/ArduinoApps/study-assistant/.cache/sketch/libraries/Arduino_RouterBridge/singletons.cpp.o
 .text._ZNSt12_Vector_baseIhSaIhEE11_M_allocateEj.isra.0
                0x0000000000004b9c       0x20 /home/arduino/ArduinoApps/study-assistant/.cache/sketch/libraries/Arduino_RouterBridge/singletons.cpp.o
 .text.k_mutex_unlock.isra.0
                0x0000000000004bbc        0x8 /home/arduino/ArduinoApps/study-assistant/.cache/sketch/libraries/Arduino_RouterBridge/singletons.cpp.o
 .text._ZN7RpcCallIJEE7isErrorEv.isra.0
                0x0000000000004bc4       0x28 /home/arduino/ArduinoApps/study-assistant/.cache/sketch/libraries/Arduino_RouterBridge/singletons.cpp.o
 .text._ZN7RpcCallIJRN7arduino6StringEEE7isErrorEv.isra.0
                0x0000000000004bec       0x28 /home/arduino/ArduinoApps/study-assistant/.cache/sketch/libraries/Arduino_RouterBridge/singletons.cpp.o
 .text._ZN13BridgeMonitorILj512EE4readEv
                0x0000000000004c14       0x68 /home/arduino/ArduinoApps/study-assistant/.cache/sketch/libraries/Arduino_RouterBridge/singletons.cpp.o
                0x0000000000004c14                BridgeMonitor<512u>::read()
 .text._ZN13BridgeMonitorILj512EE4peekEv
                0x0000000000004c7c       0x44 /home/arduino/ArduinoApps/study-assistant/.cache/sketch/libraries/Arduino_RouterBridge/singletons.cpp.o
                0x0000000000004c7c                BridgeMonitor<512u>::peek()
 .text.k_msleep.constprop.0.isra.0
                0x0000000000004cc0        0xc /home/arduino/ArduinoApps/study-assistant/.cache/sketch/libraries/Arduino_RouterBridge/singletons.cpp.o
 .text._ZNSt6vectorIhSaIhEE14_M_move_assignEOS1_St17integral_constantIbLb1EE.isra.0
                0x0000000000004ccc       0x34 /home/arduino/ArduinoApps/study-assistant/.cache/sketch/libraries/Arduino_RouterBridge/singletons.cpp.o